Archive member included to satisfy reference by file (symbol)

/home/paramra/Ac6/SystemWorkbench/plugins/fr.ac6.mcu.externaltools.arm-none.linux64_1.13.1.201703061524/tools/compiler/bin/../lib/gcc/arm-none-eabi/5.4.1/armv7-m/libgcc.a(_arm_addsubdf3.o)
                              Src/main.o (__aeabi_i2d)
/home/paramra/Ac6/SystemWorkbench/plugins/fr.ac6.mcu.externaltools.arm-none.linux64_1.13.1.201703061524/tools/compiler/bin/../lib/gcc/arm-none-eabi/5.4.1/armv7-m/libgcc.a(_arm_muldivdf3.o)
                              Src/main.o (__aeabi_dmul)
/home/paramra/Ac6/SystemWorkbench/plugins/fr.ac6.mcu.externaltools.arm-none.linux64_1.13.1.201703061524/tools/compiler/bin/../lib/gcc/arm-none-eabi/5.4.1/armv7-m/libgcc.a(_arm_truncdfsf2.o)
                              Src/main.o (__aeabi_d2f)
/home/paramra/Ac6/SystemWorkbench/plugins/fr.ac6.mcu.externaltools.arm-none.linux64_1.13.1.201703061524/tools/compiler/bin/../lib/gcc/arm-none-eabi/5.4.1/../../../../arm-none-eabi/lib/armv7-m/libc_nano.a(lib_a-exit.o)
                              /home/paramra/Ac6/SystemWorkbench/plugins/fr.ac6.mcu.externaltools.arm-none.linux64_1.13.1.201703061524/tools/compiler/bin/../lib/gcc/arm-none-eabi/5.4.1/../../../../arm-none-eabi/lib/armv7-m/crt0.o (exit)
/home/paramra/Ac6/SystemWorkbench/plugins/fr.ac6.mcu.externaltools.arm-none.linux64_1.13.1.201703061524/tools/compiler/bin/../lib/gcc/arm-none-eabi/5.4.1/../../../../arm-none-eabi/lib/armv7-m/libc_nano.a(lib_a-impure.o)
                              /home/paramra/Ac6/SystemWorkbench/plugins/fr.ac6.mcu.externaltools.arm-none.linux64_1.13.1.201703061524/tools/compiler/bin/../lib/gcc/arm-none-eabi/5.4.1/../../../../arm-none-eabi/lib/armv7-m/libc_nano.a(lib_a-exit.o) (_global_impure_ptr)
/home/paramra/Ac6/SystemWorkbench/plugins/fr.ac6.mcu.externaltools.arm-none.linux64_1.13.1.201703061524/tools/compiler/bin/../lib/gcc/arm-none-eabi/5.4.1/../../../../arm-none-eabi/lib/armv7-m/libc_nano.a(lib_a-init.o)
                              /home/paramra/Ac6/SystemWorkbench/plugins/fr.ac6.mcu.externaltools.arm-none.linux64_1.13.1.201703061524/tools/compiler/bin/../lib/gcc/arm-none-eabi/5.4.1/../../../../arm-none-eabi/lib/armv7-m/crt0.o (__libc_init_array)
/home/paramra/Ac6/SystemWorkbench/plugins/fr.ac6.mcu.externaltools.arm-none.linux64_1.13.1.201703061524/tools/compiler/bin/../lib/gcc/arm-none-eabi/5.4.1/../../../../arm-none-eabi/lib/armv7-m/libc_nano.a(lib_a-memset.o)
                              /home/paramra/Ac6/SystemWorkbench/plugins/fr.ac6.mcu.externaltools.arm-none.linux64_1.13.1.201703061524/tools/compiler/bin/../lib/gcc/arm-none-eabi/5.4.1/../../../../arm-none-eabi/lib/armv7-m/crt0.o (memset)
/home/paramra/Ac6/SystemWorkbench/plugins/fr.ac6.mcu.externaltools.arm-none.linux64_1.13.1.201703061524/tools/compiler/bin/../lib/gcc/arm-none-eabi/5.4.1/../../../../arm-none-eabi/lib/armv7-m/libc_nano.a(lib_a-nano-vfprintf_float.o)
                              (_printf_float)
/home/paramra/Ac6/SystemWorkbench/plugins/fr.ac6.mcu.externaltools.arm-none.linux64_1.13.1.201703061524/tools/compiler/bin/../lib/gcc/arm-none-eabi/5.4.1/../../../../arm-none-eabi/lib/armv7-m/libc_nano.a(lib_a-nano-vfprintf_i.o)
                              /home/paramra/Ac6/SystemWorkbench/plugins/fr.ac6.mcu.externaltools.arm-none.linux64_1.13.1.201703061524/tools/compiler/bin/../lib/gcc/arm-none-eabi/5.4.1/../../../../arm-none-eabi/lib/armv7-m/libc_nano.a(lib_a-nano-vfprintf_float.o) (_printf_common)
/home/paramra/Ac6/SystemWorkbench/plugins/fr.ac6.mcu.externaltools.arm-none.linux64_1.13.1.201703061524/tools/compiler/bin/../lib/gcc/arm-none-eabi/5.4.1/../../../../arm-none-eabi/lib/armv7-m/libc_nano.a(lib_a-sprintf.o)
                              Src/main.o (sprintf)
/home/paramra/Ac6/SystemWorkbench/plugins/fr.ac6.mcu.externaltools.arm-none.linux64_1.13.1.201703061524/tools/compiler/bin/../lib/gcc/arm-none-eabi/5.4.1/../../../../arm-none-eabi/lib/armv7-m/libc_nano.a(lib_a-strlen.o)
                              Src/main.o (strlen)
/home/paramra/Ac6/SystemWorkbench/plugins/fr.ac6.mcu.externaltools.arm-none.linux64_1.13.1.201703061524/tools/compiler/bin/../lib/gcc/arm-none-eabi/5.4.1/../../../../arm-none-eabi/lib/armv7-m/libc_nano.a(lib_a-dtoa.o)
                              /home/paramra/Ac6/SystemWorkbench/plugins/fr.ac6.mcu.externaltools.arm-none.linux64_1.13.1.201703061524/tools/compiler/bin/../lib/gcc/arm-none-eabi/5.4.1/../../../../arm-none-eabi/lib/armv7-m/libc_nano.a(lib_a-nano-vfprintf_float.o) (_dtoa_r)
/home/paramra/Ac6/SystemWorkbench/plugins/fr.ac6.mcu.externaltools.arm-none.linux64_1.13.1.201703061524/tools/compiler/bin/../lib/gcc/arm-none-eabi/5.4.1/../../../../arm-none-eabi/lib/armv7-m/libc_nano.a(lib_a-localeconv.o)
                              /home/paramra/Ac6/SystemWorkbench/plugins/fr.ac6.mcu.externaltools.arm-none.linux64_1.13.1.201703061524/tools/compiler/bin/../lib/gcc/arm-none-eabi/5.4.1/../../../../arm-none-eabi/lib/armv7-m/libc_nano.a(lib_a-nano-vfprintf_float.o) (_localeconv_r)
[...]
Memory Configuration

Name             Origin             Length             Attributes
RAM              0x20000000         0x00005000         xrw
FLASH            0x08000000         0x00020000         xr
*default*        0x00000000         0xffffffff

Linker script and memory map

LOAD /home/paramra/Ac6/SystemWorkbench/plugins/fr.ac6.mcu.externaltools.arm-none.linux64_1.13.1.201703061524/tools/compiler/bin/../lib/gcc/arm-none-eabi/5.4.1/armv7-m/crti.o
LOAD /home/paramra/Ac6/SystemWorkbench/plugins/fr.ac6.mcu.externaltools.arm-none.linux64_1.13.1.201703061524/tools/compiler/bin/../lib/gcc/arm-none-eabi/5.4.1/armv7-m/crtbegin.o
LOAD /home/paramra/Ac6/SystemWorkbench/plugins/fr.ac6.mcu.externaltools.arm-none.linux64_1.13.1.201703061524/tools/compiler/bin/../lib/gcc/arm-none-eabi/5.4.1/../../../../arm-none-eabi/lib/armv7-m/crt0.o
LOAD /home/paramra/Ac6/SystemWorkbench/plugins/fr.ac6.mcu.externaltools.arm-none.linux64_1.13.1.201703061524/tools/compiler/bin/../lib/gcc/arm-none-eabi/5.4.1/../../../../arm-none-eabi/lib/armv7-m/libm.a
LOAD Drivers/STM32F1xx_HAL_Driver/Src/stm32f1xx_hal.o
LOAD Drivers/STM32F1xx_HAL_Driver/Src/stm32f1xx_hal_adc.o
LOAD Drivers/STM32F1xx_HAL_Driver/Src/stm32f1xx_hal_adc_ex.o
LOAD Drivers/STM32F1xx_HAL_Driver/Src/stm32f1xx_hal_cortex.o
LOAD Drivers/STM32F1xx_HAL_Driver/Src/stm32f1xx_hal_dma.o
LOAD Drivers/STM32F1xx_HAL_Driver/Src/stm32f1xx_hal_flash.o
LOAD Drivers/STM32F1xx_HAL_Driver/Src/stm32f1xx_hal_flash_ex.o
LOAD Drivers/STM32F1xx_HAL_Driver/Src/stm32f1xx_hal_gpio.o
LOAD Drivers/STM32F1xx_HAL_Driver/Src/stm32f1xx_hal_gpio_ex.o
LOAD Drivers/STM32F1xx_HAL_Driver/Src/stm32f1xx_hal_pwr.o
LOAD Drivers/STM32F1xx_HAL_Driver/Src/stm32f1xx_hal_rcc.o
LOAD Drivers/STM32F1xx_HAL_Driver/Src/stm32f1xx_hal_rcc_ex.o
LOAD Drivers/STM32F1xx_HAL_Driver/Src/stm32f1xx_hal_tim.o
LOAD Drivers/STM32F1xx_HAL_Driver/Src/stm32f1xx_hal_tim_ex.o
LOAD Drivers/STM32F1xx_HAL_Driver/Src/stm32f1xx_hal_uart.o
LOAD Src/adc.o
LOAD Src/dma.o
LOAD Src/gpio.o
LOAD Src/main.o
LOAD Src/stm32f1xx_hal_msp.o
LOAD Src/stm32f1xx_it.o
LOAD Src/system_stm32f1xx.o
LOAD Src/usart.o
LOAD startup/startup_stm32f103xb.o
START GROUP
LOAD /home/paramra/Ac6/SystemWorkbench/plugins/fr.ac6.mcu.externaltools.arm-none.linux64_1.13.1.201703061524/tools/compiler/bin/../lib/gcc/arm-none-eabi/5.4.1/armv7-m/libgcc.a
LOAD /home/paramra/Ac6/SystemWorkbench/plugins/fr.ac6.mcu.externaltools.arm-none.linux64_1.13.1.201703061524/tools/compiler/bin/../lib/gcc/arm-none-eabi/5.4.1/../../../../arm-none-eabi/lib/armv7-m/libc_nano.a
END GROUP
START GROUP
LOAD /home/paramra/Ac6/SystemWorkbench/plugins/fr.ac6.mcu.externaltools.arm-none.linux64_1.13.1.201703061524/tools/compiler/bin/../lib/gcc/arm-none-eabi/5.4.1/armv7-m/libgcc.a
LOAD /home/paramra/Ac6/SystemWorkbench/plugins/fr.ac6.mcu.externaltools.arm-none.linux64_1.13.1.201703061524/tools/compiler/bin/../lib/gcc/arm-none-eabi/5.4.1/../../../../arm-none-eabi/lib/armv7-m/libc_nano.a
LOAD /home/paramra/Ac6/SystemWorkbench/plugins/fr.ac6.mcu.externaltools.arm-none.linux64_1.13.1.201703061524/tools/compiler/bin/../lib/gcc/arm-none-eabi/5.4.1/../../../../arm-none-eabi/lib/armv7-m/libnosys.a
END GROUP
START GROUP
LOAD /home/paramra/Ac6/SystemWorkbench/plugins/fr.ac6.mcu.externaltools.arm-none.linux64_1.13.1.201703061524/tools/compiler/bin/../lib/gcc/arm-none-eabi/5.4.1/armv7-m/libgcc.a
LOAD /home/paramra/Ac6/SystemWorkbench/plugins/fr.ac6.mcu.externaltools.arm-none.linux64_1.13.1.201703061524/tools/compiler/bin/../lib/gcc/arm-none-eabi/5.4.1/../../../../arm-none-eabi/lib/armv7-m/libc_nano.a
LOAD /home/paramra/Ac6/SystemWorkbench/plugins/fr.ac6.mcu.externaltools.arm-none.linux64_1.13.1.201703061524/tools/compiler/bin/../lib/gcc/arm-none-eabi/5.4.1/../../../../arm-none-eabi/lib/armv7-m/libnosys.a
END GROUP
LOAD /home/paramra/Ac6/SystemWorkbench/plugins/fr.ac6.mcu.externaltools.arm-none.linux64_1.13.1.201703061524/tools/compiler/bin/../lib/gcc/arm-none-eabi/5.4.1/armv7-m/crtend.o
LOAD /home/paramra/Ac6/SystemWorkbench/plugins/fr.ac6.mcu.externaltools.arm-none.linux64_1.13.1.201703061524/tools/compiler/bin/../lib/gcc/arm-none-eabi/5.4.1/armv7-m/crtn.o
                0x20005000                _estack = 0x20005000
                0x00000200                _Min_Heap_Size = 0x200
                0x00000400                _Min_Stack_Size = 0x400

.isr_vector     0x08000000      0x10c
                0x08000000                . = ALIGN (0x4)
 *(.isr_vector)
 .isr_vector    0x08000000      0x10c startup/startup_stm32f103xb.o
                0x08000000                g_pfnVectors
                0x0800010c                . = ALIGN (0x4)

.text           0x08000110     0x4838
                0x08000110                . = ALIGN (0x4)
 *(.text)
 .text          0x08000110       0x5c /home/paramra/Ac6/SystemWorkbench/plugins/fr.ac6.mcu.externaltools.arm-none.linux64_1.13.1.201703061524/tools/compiler/bin/../lib/gcc/arm-none-eabi/5.4.1/armv7-m/crtbegin.o
 .text          0x0800016c      0x370 /home/paramra/Ac6/SystemWorkbench/plugins/fr.ac6.mcu.externaltools.arm-none.linux64_1.13.1.201703061524/tools/compiler/bin/../lib/gcc/arm-none-eabi/5.4.1/armv7-m/libgcc.a(_arm_addsubdf3.o)
                0x0800016c                __aeabi_drsub
                0x08000174                __aeabi_dsub
                0x08000174                __subdf3
                0x08000178                __adddf3
                0x08000178                __aeabi_dadd
                0x080003f0                __aeabi_ui2d
                0x080003f0                __floatunsidf
                0x08000410                __floatsidf
                0x08000410                __aeabi_i2d
                0x08000434                __extendsfdf2
                0x08000434                __aeabi_f2d
                0x08000470                __aeabi_ul2d
                0x08000470                __floatundidf
                0x08000480                __floatdidf
                0x08000480                __aeabi_l2d
 .text          0x080004dc      0x424 /home/paramra/Ac6/SystemWorkbench/plugins/fr.ac6.mcu.externaltools.arm-none.linux64_1.13.1.201703061524/tools/compiler/bin/../lib/gcc/arm-none-eabi/5.4.1/armv7-m/libgcc.a(_arm_muldivdf3.o)
                0x080004dc                __aeabi_dmul
                0x080004dc                __muldf3
                0x08000730                __aeabi_ddiv
                0x08000730                __divdf3
 .text          0x08000900       0xa0 /home/paramra/Ac6/SystemWorkbench/plugins/fr.ac6.mcu.externaltools.arm-none.linux64_1.13.1.201703061524/tools/compiler/bin/../lib/gcc/arm-none-eabi/5.4.1/armv7-m/libgcc.a(_arm_truncdfsf2.o)
                0x08000900                __aeabi_d2f
                0x08000900                __truncdfsf2
 .text          0x080009a0       0x10 /home/paramra/Ac6/SystemWorkbench/plugins/fr.ac6.mcu.externaltools.arm-none.linux64_1.13.1.201703061524/tools/compiler/bin/../lib/gcc/arm-none-eabi/5.4.1/../../../../arm-none-eabi/lib/armv7-m/libc_nano.a(lib_a-strlen.o)
                0x080009a0                strlen
 .text          0x080009b0      0x110 /home/paramra/Ac6/SystemWorkbench/plugins/fr.ac6.mcu.externaltools.arm-none.linux64_1.13.1.201703061524/tools/compiler/bin/../lib/gcc/arm-none-eabi/5.4.1/armv7-m/libgcc.a(_arm_cmpdf2.o)
                0x080009b0                __gtdf2
                0x080009b0                __gedf2
                0x080009b8                __ltdf2
                0x080009b8                __ledf2
                0x080009c0                __cmpdf2
                0x080009c0                __eqdf2
                0x080009c0                __nedf2
                0x08000a3c                __aeabi_cdrcmple
                0x08000a4c                __aeabi_cdcmple
                0x08000a4c                __aeabi_cdcmpeq
                0x08000a5c                __aeabi_dcmpeq
                0x08000a70                __aeabi_dcmplt
                0x08000a84                __aeabi_dcmple
                0x08000a98                __aeabi_dcmpge
                0x08000aac                __aeabi_dcmpgt
 .text          0x08000ac0       0x2c /home/paramra/Ac6/SystemWorkbench/plugins/fr.ac6.mcu.externaltools.arm-none.linux64_1.13.1.201703061524/tools/compiler/bin/../lib/gcc/arm-none-eabi/5.4.1/armv7-m/libgcc.a(_arm_unorddf2.o)
                0x08000ac0                __aeabi_dcmpun
                0x08000ac0                __unorddf2
 .text          0x08000aec       0x50 /home/paramra/Ac6/SystemWorkbench/plugins/fr.ac6.mcu.externaltools.arm-none.linux64_1.13.1.201703061524/tools/compiler/bin/../lib/gcc/arm-none-eabi/5.4.1/armv7-m/libgcc.a(_arm_fixdfsi.o)
                0x08000aec                __fixdfsi
                0x08000aec                __aeabi_d2iz
 *(.text*)
 .text.HAL_InitTick
                0x08000b3c       0x2c Drivers/STM32F1xx_HAL_Driver/Src/stm32f1xx_hal.o
                0x08000b3c                HAL_InitTick
 .text.HAL_Init
                0x08000b68       0x24 Drivers/STM32F1xx_HAL_Driver/Src/stm32f1xx_hal.o
                0x08000b68                HAL_Init
 .text.HAL_IncTick
                0x08000b8c       0x10 Drivers/STM32F1xx_HAL_Driver/Src/stm32f1xx_hal.o
                0x08000b8c                HAL_IncTick
 .text.HAL_GetTick
                0x08000b9c        0xc Drivers/STM32F1xx_HAL_Driver/Src/stm32f1xx_hal.o
                0x08000b9c                HAL_GetTick
 .text.HAL_Delay
                0x08000ba8       0x24 Drivers/STM32F1xx_HAL_Driver/Src/stm32f1xx_hal.o
                0x08000ba8                HAL_Delay
 .text.HAL_ADC_GetValue
                0x08000bcc        0x8 Drivers/STM32F1xx_HAL_Driver/Src/stm32f1xx_hal_adc.o
                0x08000bcc                HAL_ADC_GetValue
 .text.ADC_DMAConvCplt
                0x08000bd4       0x50 Drivers/STM32F1xx_HAL_Driver/Src/stm32f1xx_hal_adc.o
                0x08000bd4                ADC_DMAConvCplt
 .text.HAL_ADC_ConvHalfCpltCallback
                0x08000c24        0x4 Drivers/STM32F1xx_HAL_Driver/Src/stm32f1xx_hal_adc.o
                0x08000c24                HAL_ADC_ConvHalfCpltCallback
 .text.ADC_DMAHalfConvCplt
                0x08000c28        0xc Drivers/STM32F1xx_HAL_Driver/Src/stm32f1xx_hal_adc.o
                0x08000c28                ADC_DMAHalfConvCplt
 .text.HAL_ADC_LevelOutOfWindowCallback
                0x08000c34        0x4 Drivers/STM32F1xx_HAL_Driver/Src/stm32f1xx_hal_adc.o
                0x08000c34                HAL_ADC_LevelOutOfWindowCallback
 .text.HAL_ADC_IRQHandler
                0x08000c38      0x104 Drivers/STM32F1xx_HAL_Driver/Src/stm32f1xx_hal_adc.o
                0x08000c38                HAL_ADC_IRQHandler
 .text.HAL_ADC_ErrorCallback
                0x08000d3c        0x4 Drivers/STM32F1xx_HAL_Driver/Src/stm32f1xx_hal_adc.o
                0x08000d3c                HAL_ADC_ErrorCallback
 .text.ADC_DMAError
                0x08000d40       0x1c Drivers/STM32F1xx_HAL_Driver/Src/stm32f1xx_hal_adc.o
                0x08000d40                ADC_DMAError
 .text.HAL_ADC_ConfigChannel
                0x08000d5c      0x138 Drivers/STM32F1xx_HAL_Driver/Src/stm32f1xx_hal_adc.o
                0x08000d5c                HAL_ADC_ConfigChannel
 .text.ADC_Enable
                0x08000e94       0x80 Drivers/STM32F1xx_HAL_Driver/Src/stm32f1xx_hal_adc.o
                0x08000e94                ADC_Enable
 .text.HAL_ADC_Start_DMA
                0x08000f14      0x144 Drivers/STM32F1xx_HAL_Driver/Src/stm32f1xx_hal_adc.o
                0x08000f14                HAL_ADC_Start_DMA
 .text.ADC_ConversionStop_Disable
                0x08001058       0x50 Drivers/STM32F1xx_HAL_Driver/Src/stm32f1xx_hal_adc.o
                0x08001058                ADC_ConversionStop_Disable
 .text.HAL_ADC_Init
                0x080010a8      0x10c Drivers/STM32F1xx_HAL_Driver/Src/stm32f1xx_hal_adc.o
                0x080010a8                HAL_ADC_Init
 .text.HAL_ADC_Stop_DMA
                0x080011b4       0x58 Drivers/STM32F1xx_HAL_Driver/Src/stm32f1xx_hal_adc.o
                0x080011b4                HAL_ADC_Stop_DMA
 .text.HAL_ADCEx_InjectedConvCpltCallback
                0x0800120c        0x4 Drivers/STM32F1xx_HAL_Driver/Src/stm32f1xx_hal_adc_ex.o
                0x0800120c                HAL_ADCEx_InjectedConvCpltCallback
 .text.HAL_NVIC_SetPriorityGrouping
                0x08001210       0x24 Drivers/STM32F1xx_HAL_Driver/Src/stm32f1xx_hal_cortex.o
                0x08001210                HAL_NVIC_SetPriorityGrouping
 .text.HAL_NVIC_SetPriority
                0x08001234       0x64 Drivers/STM32F1xx_HAL_Driver/Src/stm32f1xx_hal_cortex.o
                0x08001234                HAL_NVIC_SetPriority
 .text.HAL_NVIC_EnableIRQ
                0x08001298       0x18 Drivers/STM32F1xx_HAL_Driver/Src/stm32f1xx_hal_cortex.o
                0x08001298                HAL_NVIC_EnableIRQ
 .text.HAL_SYSTICK_Config
                0x080012b0       0x2c Drivers/STM32F1xx_HAL_Driver/Src/stm32f1xx_hal_cortex.o
                0x080012b0                HAL_SYSTICK_Config
 .text.HAL_SYSTICK_CLKSourceConfig
                0x080012dc       0x20 Drivers/STM32F1xx_HAL_Driver/Src/stm32f1xx_hal_cortex.o
                0x080012dc                HAL_SYSTICK_CLKSourceConfig
 .text.HAL_SYSTICK_Callback
                0x080012fc        0x4 Drivers/STM32F1xx_HAL_Driver/Src/stm32f1xx_hal_cortex.o
                0x080012fc                HAL_SYSTICK_Callback
 .text.HAL_SYSTICK_IRQHandler
                0x08001300        0x8 Drivers/STM32F1xx_HAL_Driver/Src/stm32f1xx_hal_cortex.o
                0x08001300                HAL_SYSTICK_IRQHandler
 .text.DMA_SetConfig
                0x08001308       0x2c Drivers/STM32F1xx_HAL_Driver/Src/stm32f1xx_hal_dma.o
 .text.HAL_DMA_Init
                0x08001334       0x78 Drivers/STM32F1xx_HAL_Driver/Src/stm32f1xx_hal_dma.o
                0x08001334                HAL_DMA_Init
 .text.HAL_DMA_Start_IT
                0x080013ac       0x74 Drivers/STM32F1xx_HAL_Driver/Src/stm32f1xx_hal_dma.o
                0x080013ac                HAL_DMA_Start_IT
 .text.HAL_DMA_Abort
                0x08001420       0x30 Drivers/STM32F1xx_HAL_Driver/Src/stm32f1xx_hal_dma.o
                0x08001420                HAL_DMA_Abort
 .text.HAL_DMA_IRQHandler
                0x08001450      0x144 Drivers/STM32F1xx_HAL_Driver/Src/stm32f1xx_hal_dma.o
                0x08001450                HAL_DMA_IRQHandler
 .text.HAL_GPIO_Init
                0x08001594      0x1d8 Drivers/STM32F1xx_HAL_Driver/Src/stm32f1xx_hal_gpio.o
                0x08001594                HAL_GPIO_Init
 .text.HAL_GPIO_WritePin
                0x0800176c        0xc Drivers/STM32F1xx_HAL_Driver/Src/stm32f1xx_hal_gpio.o
                0x0800176c                HAL_GPIO_WritePin
 .text.HAL_GPIO_TogglePin
                0x08001778        0x8 Drivers/STM32F1xx_HAL_Driver/Src/stm32f1xx_hal_gpio.o
                0x08001778                HAL_GPIO_TogglePin
 .text.HAL_GPIO_EXTI_Callback
                0x08001780        0x4 Drivers/STM32F1xx_HAL_Driver/Src/stm32f1xx_hal_gpio.o
                0x08001780                HAL_GPIO_EXTI_Callback
 .text.HAL_GPIO_EXTI_IRQHandler
                0x08001784       0x18 Drivers/STM32F1xx_HAL_Driver/Src/stm32f1xx_hal_gpio.o
                0x08001784                HAL_GPIO_EXTI_IRQHandler
 .text.RCC_Delay
                0x0800179c       0x2c Drivers/STM32F1xx_HAL_Driver/Src/stm32f1xx_hal_rcc.o
 .text.HAL_RCC_OscConfig
                0x080017c8      0x400 Drivers/STM32F1xx_HAL_Driver/Src/stm32f1xx_hal_rcc.o
                0x080017c8                HAL_RCC_OscConfig
 .text.HAL_RCC_GetSysClockFreq
                0x08001bc8       0x70 Drivers/STM32F1xx_HAL_Driver/Src/stm32f1xx_hal_rcc.o
                0x08001bc8                HAL_RCC_GetSysClockFreq
 .text.HAL_RCC_ClockConfig
                0x08001c38      0x184 Drivers/STM32F1xx_HAL_Driver/Src/stm32f1xx_hal_rcc.o
                0x08001c38                HAL_RCC_ClockConfig
 .text.HAL_RCC_GetHCLKFreq
                0x08001dbc        0xc Drivers/STM32F1xx_HAL_Driver/Src/stm32f1xx_hal_rcc.o
                0x08001dbc                HAL_RCC_GetHCLKFreq
 .text.HAL_RCC_GetPCLK1Freq
                0x08001dc8       0x20 Drivers/STM32F1xx_HAL_Driver/Src/stm32f1xx_hal_rcc.o
                0x08001dc8                HAL_RCC_GetPCLK1Freq
 .text.HAL_RCC_GetPCLK2Freq
                0x08001de8       0x20 Drivers/STM32F1xx_HAL_Driver/Src/stm32f1xx_hal_rcc.o
                0x08001de8                HAL_RCC_GetPCLK2Freq
 .text.HAL_RCCEx_PeriphCLKConfig
                0x08001e08      0x114 Drivers/STM32F1xx_HAL_Driver/Src/stm32f1xx_hal_rcc_ex.o
                0x08001e08                HAL_RCCEx_PeriphCLKConfig
 .text.UART_SetConfig
                0x08001f1c      0x1bc Drivers/STM32F1xx_HAL_Driver/Src/stm32f1xx_hal_uart.o
 .text.UART_WaitOnFlagUntilTimeout
                0x080020d8       0x68 Drivers/STM32F1xx_HAL_Driver/Src/stm32f1xx_hal_uart.o
 .text.HAL_UART_Init
                0x08002140       0x64 Drivers/STM32F1xx_HAL_Driver/Src/stm32f1xx_hal_uart.o
                0x08002140                HAL_UART_Init
 .text.HAL_UART_Transmit
                0x080021a4       0xe4 Drivers/STM32F1xx_HAL_Driver/Src/stm32f1xx_hal_uart.o
                0x080021a4                HAL_UART_Transmit
 .text.MX_ADC1_Init
                0x08002288       0xb4 Src/adc.o
                0x08002288                MX_ADC1_Init
 .text.HAL_ADC_MspInit
                0x0800233c       0x90 Src/adc.o
                0x0800233c                HAL_ADC_MspInit
 .text.MX_DMA_Init
                0x080023cc       0x34 Src/dma.o
                0x080023cc                MX_DMA_Init
 .text.MX_GPIO_Init
                0x08002400       0xa8 Src/gpio.o
                0x08002400                MX_GPIO_Init
 .text.code2voltage
                0x080024a8       0x2c Src/main.o
                0x080024a8                code2voltage
 .text.HAL_ADC_ConvCpltCallback
                0x080024d4       0x18 Src/main.o
                0x080024d4                HAL_ADC_ConvCpltCallback
 .text._Error_Handler
                0x080024ec        0x4 Src/main.o
                0x080024ec                _Error_Handler
 .text.SystemClock_Config
                0x080024f0       0x9c Src/main.o
                0x080024f0                SystemClock_Config
 .text.main     0x0800258c       0xc8 Src/main.o
                0x0800258c                main
 .text.HAL_MspInit
                0x08002654       0x94 Src/stm32f1xx_hal_msp.o
                0x08002654                HAL_MspInit
 .text.SysTick_Handler
                0x080026e8        0xc Src/stm32f1xx_it.o
                0x080026e8                SysTick_Handler
 .text.DMA1_Channel1_IRQHandler
                0x080026f4       0x10 Src/stm32f1xx_it.o
                0x080026f4                DMA1_Channel1_IRQHandler
 .text.ADC1_2_IRQHandler
                0x08002704       0x10 Src/stm32f1xx_it.o
                0x08002704                ADC1_2_IRQHandler
 .text.EXTI15_10_IRQHandler
                0x08002714        0xc Src/stm32f1xx_it.o
                0x08002714                EXTI15_10_IRQHandler
 .text.SystemInit
                0x08002720       0x4c Src/system_stm32f1xx.o
                0x08002720                SystemInit
 .text.MX_USART2_UART_Init
                0x0800276c       0x3c Src/usart.o
                0x0800276c                MX_USART2_UART_Init
 .text.HAL_UART_MspInit
                0x080027a8       0x44 Src/usart.o
                0x080027a8                HAL_UART_MspInit
 .text.Reset_Handler
                0x080027ec       0x48 startup/startup_stm32f103xb.o
                0x080027ec                Reset_Handler
 .text.Default_Handler
                0x08002834        0x2 startup/startup_stm32f103xb.o
                0x08002834                RTC_Alarm_IRQHandler
                0x08002834                EXTI2_IRQHandler
                0x08002834                DebugMon_Handler
                0x08002834                TIM1_CC_IRQHandler
                0x08002834                HardFault_Handler
                0x08002834                PVD_IRQHandler
                0x08002834                PendSV_Handler
                0x08002834                NMI_Handler
                0x08002834                EXTI3_IRQHandler
                0x08002834                EXTI0_IRQHandler
                0x08002834                I2C2_EV_IRQHandler
                0x08002834                UsageFault_Handler
                0x08002834                SPI1_IRQHandler
                0x08002834                TAMPER_IRQHandler
                0x08002834                DMA1_Channel4_IRQHandler
                0x08002834                USART3_IRQHandler
                0x08002834                RTC_IRQHandler
                0x08002834                DMA1_Channel7_IRQHandler
                0x08002834                CAN1_RX1_IRQHandler
                0x08002834                TIM4_IRQHandler
                0x08002834                I2C1_EV_IRQHandler
                0x08002834                DMA1_Channel6_IRQHandler
                0x08002834                TIM3_IRQHandler
                0x08002834                RCC_IRQHandler
                0x08002834                TIM1_TRG_COM_IRQHandler
                0x08002834                Default_Handler
                0x08002834                EXTI9_5_IRQHandler
                0x08002834                SPI2_IRQHandler
                0x08002834                MemManage_Handler
                0x08002834                SVC_Handler
                0x08002834                DMA1_Channel5_IRQHandler
                0x08002834                EXTI4_IRQHandler
                0x08002834                USB_LP_CAN1_RX0_IRQHandler
                0x08002834                USB_HP_CAN1_TX_IRQHandler
                0x08002834                DMA1_Channel3_IRQHandler
                0x08002834                TIM1_UP_IRQHandler
                0x08002834                WWDG_IRQHandler
                0x08002834                TIM2_IRQHandler
                0x08002834                TIM1_BRK_IRQHandler
                0x08002834                EXTI1_IRQHandler
                0x08002834                USART2_IRQHandler
                0x08002834                I2C2_ER_IRQHandler
                0x08002834                DMA1_Channel2_IRQHandler
                0x08002834                CAN1_SCE_IRQHandler
                0x08002834                FLASH_IRQHandler
                0x08002834                BusFault_Handler
                0x08002834                USART1_IRQHandler
                0x08002834                I2C1_ER_IRQHandler
                0x08002834                USBWakeUp_IRQHandler
 *fill*         0x08002836        0x2 
 .text.__libc_init_array
                0x08002838       0x4c /home/paramra/Ac6/SystemWorkbench/plugins/fr.ac6.mcu.externaltools.arm-none.linux64_1.13.1.201703061524/tools/compiler/bin/../lib/gcc/arm-none-eabi/5.4.1/../../../../arm-none-eabi/lib/armv7-m/libc_nano.a(lib_a-init.o)
                0x08002838                __libc_init_array
 .text.memset   0x08002884       0x10 /home/paramra/Ac6/SystemWorkbench/plugins/fr.ac6.mcu.externaltools.arm-none.linux64_1.13.1.201703061524/tools/compiler/bin/../lib/gcc/arm-none-eabi/5.4.1/../../../../arm-none-eabi/lib/armv7-m/libc_nano.a(lib_a-memset.o)
                0x08002884                memset
 .text.__cvt    0x08002894       0xc0 /home/paramra/Ac6/SystemWorkbench/plugins/fr.ac6.mcu.externaltools.arm-none.linux64_1.13.1.201703061524/tools/compiler/bin/../lib/gcc/arm-none-eabi/5.4.1/../../../../arm-none-eabi/lib/armv7-m/libc_nano.a(lib_a-nano-vfprintf_float.o)
                0x08002894                __cvt
 .text.__exponent
                0x08002954       0x62 /home/paramra/Ac6/SystemWorkbench/plugins/fr.ac6.mcu.externaltools.arm-none.linux64_1.13.1.201703061524/tools/compiler/bin/../lib/gcc/arm-none-eabi/5.4.1/../../../../arm-none-eabi/lib/armv7-m/libc_nano.a(lib_a-nano-vfprintf_float.o)
                0x08002954                __exponent
 *fill*         0x080029b6        0x2 
 .text._printf_float
                0x080029b8      0x488 /home/paramra/Ac6/SystemWorkbench/plugins/fr.ac6.mcu.externaltools.arm-none.linux64_1.13.1.201703061524/tools/compiler/bin/../lib/gcc/arm-none-eabi/5.4.1/../../../../arm-none-eabi/lib/armv7-m/libc_nano.a(lib_a-nano-vfprintf_float.o)
                0x080029b8                _printf_float
 .text._printf_common
                0x08002e40       0xec /home/paramra/Ac6/SystemWorkbench/plugins/fr.ac6.mcu.externaltools.arm-none.linux64_1.13.1.201703061524/tools/compiler/bin/../lib/gcc/arm-none-eabi/5.4.1/../../../../arm-none-eabi/lib/armv7-m/libc_nano.a(lib_a-nano-vfprintf_i.o)
                0x08002e40                _printf_common
 .text._printf_i
                0x08002f2c      0x24c /home/paramra/Ac6/SystemWorkbench/plugins/fr.ac6.mcu.externaltools.arm-none.linux64_1.13.1.201703061524/tools/compiler/bin/../lib/gcc/arm-none-eabi/5.4.1/../../../../arm-none-eabi/lib/armv7-m/libc_nano.a(lib_a-nano-vfprintf_i.o)
                0x08002f2c                _printf_i
 .text.sprintf  0x08003178       0x48 /home/paramra/Ac6/SystemWorkbench/plugins/fr.ac6.mcu.externaltools.arm-none.linux64_1.13.1.201703061524/tools/compiler/bin/../lib/gcc/arm-none-eabi/5.4.1/../../../../arm-none-eabi/lib/armv7-m/libc_nano.a(lib_a-sprintf.o)
                0x08003178                sprintf
                0x08003178                siprintf
 .text.quorem   0x080031c0      0x116 /home/paramra/Ac6/SystemWorkbench/plugins/fr.ac6.mcu.externaltools.arm-none.linux64_1.13.1.201703061524/tools/compiler/bin/../lib/gcc/arm-none-eabi/5.4.1/../../../../arm-none-eabi/lib/armv7-m/libc_nano.a(lib_a-dtoa.o)
 *fill*         0x080032d6        0x2 
 .text._dtoa_r  0x080032d8      0xb30 /home/paramra/Ac6/SystemWorkbench/plugins/fr.ac6.mcu.externaltools.arm-none.linux64_1.13.1.201703061524/tools/compiler/bin/../lib/gcc/arm-none-eabi/5.4.1/../../../../arm-none-eabi/lib/armv7-m/libc_nano.a(lib_a-dtoa.o)
                0x080032d8                _dtoa_r
 .text._localeconv_r
                0x08003e08       0x1c /home/paramra/Ac6/SystemWorkbench/plugins/fr.ac6.mcu.externaltools.arm-none.linux64_1.13.1.201703061524/tools/compiler/bin/../lib/gcc/arm-none-eabi/5.4.1/../../../../arm-none-eabi/lib/armv7-m/libc_nano.a(lib_a-localeconv.o)
                0x08003e08                _localeconv_r
 .text.malloc   0x08003e24       0x10 /home/paramra/Ac6/SystemWorkbench/plugins/fr.ac6.mcu.externaltools.arm-none.linux64_1.13.1.201703061524/tools/compiler/bin/../lib/gcc/arm-none-eabi/5.4.1/../../../../arm-none-eabi/lib/armv7-m/libc_nano.a(lib_a-malloc.o)
                0x08003e24                malloc
 .text.memchr   0x08003e34       0x1c /home/paramra/Ac6/SystemWorkbench/plugins/fr.ac6.mcu.externaltools.arm-none.linux64_1.13.1.201703061524/tools/compiler/bin/../lib/gcc/arm-none-eabi/5.4.1/../../../../arm-none-eabi/lib/armv7-m/libc_nano.a(lib_a-memchr-stub.o)
                0x08003e34                memchr
 .text.memcpy   0x08003e50       0x16 /home/paramra/Ac6/SystemWorkbench/plugins/fr.ac6.mcu.externaltools.arm-none.linux64_1.13.1.201703061524/tools/compiler/bin/../lib/gcc/arm-none-eabi/5.4.1/../../../../arm-none-eabi/lib/armv7-m/libc_nano.a(lib_a-memcpy-stub.o)
                0x08003e50                memcpy
 .text._Balloc  0x08003e66       0x6a /home/paramra/Ac6/SystemWorkbench/plugins/fr.ac6.mcu.externaltools.arm-none.linux64_1.13.1.201703061524/tools/compiler/bin/../lib/gcc/arm-none-eabi/5.4.1/../../../../arm-none-eabi/lib/armv7-m/libc_nano.a(lib_a-mprec.o)
                0x08003e66                _Balloc
 .text._Bfree   0x08003ed0       0x2e /home/paramra/Ac6/SystemWorkbench/plugins/fr.ac6.mcu.externaltools.arm-none.linux64_1.13.1.201703061524/tools/compiler/bin/../lib/gcc/arm-none-eabi/5.4.1/../../../../arm-none-eabi/lib/armv7-m/libc_nano.a(lib_a-mprec.o)
                0x08003ed0                _Bfree
 .text.__multadd
                0x08003efe       0x76 /home/paramra/Ac6/SystemWorkbench/plugins/fr.ac6.mcu.externaltools.arm-none.linux64_1.13.1.201703061524/tools/compiler/bin/../lib/gcc/arm-none-eabi/5.4.1/../../../../arm-none-eabi/lib/armv7-m/libc_nano.a(lib_a-mprec.o)
                0x08003efe                __multadd
 .text.__hi0bits
                0x08003f74       0x40 /home/paramra/Ac6/SystemWorkbench/plugins/fr.ac6.mcu.externaltools.arm-none.linux64_1.13.1.201703061524/tools/compiler/bin/../lib/gcc/arm-none-eabi/5.4.1/../../../../arm-none-eabi/lib/armv7-m/libc_nano.a(lib_a-mprec.o)
                0x08003f74                __hi0bits
 .text.__lo0bits
                0x08003fb4       0x5a /home/paramra/Ac6/SystemWorkbench/plugins/fr.ac6.mcu.externaltools.arm-none.linux64_1.13.1.201703061524/tools/compiler/bin/../lib/gcc/arm-none-eabi/5.4.1/../../../../arm-none-eabi/lib/armv7-m/libc_nano.a(lib_a-mprec.o)
                0x08003fb4                __lo0bits
 .text.__i2b    0x0800400e       0x12 /home/paramra/Ac6/SystemWorkbench/plugins/fr.ac6.mcu.externaltools.arm-none.linux64_1.13.1.201703061524/tools/compiler/bin/../lib/gcc/arm-none-eabi/5.4.1/../../../../arm-none-eabi/lib/armv7-m/libc_nano.a(lib_a-mprec.o)
                0x0800400e                __i2b
 .text.__multiply
                0x08004020      0x120 /home/paramra/Ac6/SystemWorkbench/plugins/fr.ac6.mcu.externaltools.arm-none.linux64_1.13.1.201703061524/tools/compiler/bin/../lib/gcc/arm-none-eabi/5.4.1/../../../../arm-none-eabi/lib/armv7-m/libc_nano.a(lib_a-mprec.o)
                0x08004020                __multiply
 .text.__pow5mult
                0x08004140       0x9c /home/paramra/Ac6/SystemWorkbench/plugins/fr.ac6.mcu.externaltools.arm-none.linux64_1.13.1.201703061524/tools/compiler/bin/../lib/gcc/arm-none-eabi/5.4.1/../../../../arm-none-eabi/lib/armv7-m/libc_nano.a(lib_a-mprec.o)
                0x08004140                __pow5mult
 .text.__lshift
                0x080041dc       0xa2 /home/paramra/Ac6/SystemWorkbench/plugins/fr.ac6.mcu.externaltools.arm-none.linux64_1.13.1.201703061524/tools/compiler/bin/../lib/gcc/arm-none-eabi/5.4.1/../../../../arm-none-eabi/lib/armv7-m/libc_nano.a(lib_a-mprec.o)
                0x080041dc                __lshift
 .text.__mcmp   0x0800427e       0x38 /home/paramra/Ac6/SystemWorkbench/plugins/fr.ac6.mcu.externaltools.arm-none.linux64_1.13.1.201703061524/tools/compiler/bin/../lib/gcc/arm-none-eabi/5.4.1/../../../../arm-none-eabi/lib/armv7-m/libc_nano.a(lib_a-mprec.o)
                0x0800427e                __mcmp
 .text.__mdiff  0x080042b6       0xbe /home/paramra/Ac6/SystemWorkbench/plugins/fr.ac6.mcu.externaltools.arm-none.linux64_1.13.1.201703061524/tools/compiler/bin/../lib/gcc/arm-none-eabi/5.4.1/../../../../arm-none-eabi/lib/armv7-m/libc_nano.a(lib_a-mprec.o)
                0x080042b6                __mdiff
 .text.__d2b    0x08004374       0x9c /home/paramra/Ac6/SystemWorkbench/plugins/fr.ac6.mcu.externaltools.arm-none.linux64_1.13.1.201703061524/tools/compiler/bin/../lib/gcc/arm-none-eabi/5.4.1/../../../../arm-none-eabi/lib/armv7-m/libc_nano.a(lib_a-mprec.o)
                0x08004374                __d2b
 .text._calloc_r
                0x08004410       0x1c /home/paramra/Ac6/SystemWorkbench/plugins/fr.ac6.mcu.externaltools.arm-none.linux64_1.13.1.201703061524/tools/compiler/bin/../lib/gcc/arm-none-eabi/5.4.1/../../../../arm-none-eabi/lib/armv7-m/libc_nano.a(lib_a-nano-callocr.o)
                0x08004410                _calloc_r
 .text._free_r  0x0800442c       0x98 /home/paramra/Ac6/SystemWorkbench/plugins/fr.ac6.mcu.externaltools.arm-none.linux64_1.13.1.201703061524/tools/compiler/bin/../lib/gcc/arm-none-eabi/5.4.1/../../../../arm-none-eabi/lib/armv7-m/libc_nano.a(lib_a-nano-freer.o)
                0x0800442c                _free_r
 .text._malloc_r
                0x080044c4       0xbc /home/paramra/Ac6/SystemWorkbench/plugins/fr.ac6.mcu.externaltools.arm-none.linux64_1.13.1.201703061524/tools/compiler/bin/../lib/gcc/arm-none-eabi/5.4.1/../../../../arm-none-eabi/lib/armv7-m/libc_nano.a(lib_a-nano-mallocr.o)
                0x080044c4                _malloc_r
 .text.__ssputs_r
                0x08004580       0xb2 /home/paramra/Ac6/SystemWorkbench/plugins/fr.ac6.mcu.externaltools.arm-none.linux64_1.13.1.201703061524/tools/compiler/bin/../lib/gcc/arm-none-eabi/5.4.1/../../../../arm-none-eabi/lib/armv7-m/libc_nano.a(lib_a-nano-svfprintf.o)
                0x08004580                __ssputs_r
 *fill*         0x08004632        0x2 
 .text._svfprintf_r
                0x08004634      0x1e8 /home/paramra/Ac6/SystemWorkbench/plugins/fr.ac6.mcu.externaltools.arm-none.linux64_1.13.1.201703061524/tools/compiler/bin/../lib/gcc/arm-none-eabi/5.4.1/../../../../arm-none-eabi/lib/armv7-m/libc_nano.a(lib_a-nano-svfprintf.o)
                0x08004634                _svfprintf_r
                0x08004634                _svfiprintf_r
 .text._sbrk_r  0x0800481c       0x20 /home/paramra/Ac6/SystemWorkbench/plugins/fr.ac6.mcu.externaltools.arm-none.linux64_1.13.1.201703061524/tools/compiler/bin/../lib/gcc/arm-none-eabi/5.4.1/../../../../arm-none-eabi/lib/armv7-m/libc_nano.a(lib_a-sbrkr.o)
                0x0800481c                _sbrk_r
 .text.__ascii_mbtowc
                0x0800483c       0x24 /home/paramra/Ac6/SystemWorkbench/plugins/fr.ac6.mcu.externaltools.arm-none.linux64_1.13.1.201703061524/tools/compiler/bin/../lib/gcc/arm-none-eabi/5.4.1/../../../../arm-none-eabi/lib/armv7-m/libc_nano.a(lib_a-mbtowc_r.o)
                0x0800483c                __ascii_mbtowc
 .text.memmove  0x08004860       0x36 /home/paramra/Ac6/SystemWorkbench/plugins/fr.ac6.mcu.externaltools.arm-none.linux64_1.13.1.201703061524/tools/compiler/bin/../lib/gcc/arm-none-eabi/5.4.1/../../../../arm-none-eabi/lib/armv7-m/libc_nano.a(lib_a-memmove.o)
                0x08004860                memmove
 .text.__malloc_lock
                0x08004896        0x2 /home/paramra/Ac6/SystemWorkbench/plugins/fr.ac6.mcu.externaltools.arm-none.linux64_1.13.1.201703061524/tools/compiler/bin/../lib/gcc/arm-none-eabi/5.4.1/../../../../arm-none-eabi/lib/armv7-m/libc_nano.a(lib_a-mlock.o)
                0x08004896                __malloc_lock
 .text.__malloc_unlock
                0x08004898        0x2 /home/paramra/Ac6/SystemWorkbench/plugins/fr.ac6.mcu.externaltools.arm-none.linux64_1.13.1.201703061524/tools/compiler/bin/../lib/gcc/arm-none-eabi/5.4.1/../../../../arm-none-eabi/lib/armv7-m/libc_nano.a(lib_a-mlock.o)
                0x08004898                __malloc_unlock
 .text._realloc_r
                0x0800489a       0x4c /home/paramra/Ac6/SystemWorkbench/plugins/fr.ac6.mcu.externaltools.arm-none.linux64_1.13.1.201703061524/tools/compiler/bin/../lib/gcc/arm-none-eabi/5.4.1/../../../../arm-none-eabi/lib/armv7-m/libc_nano.a(lib_a-nano-reallocr.o)
                0x0800489a                _realloc_r
 .text.__ascii_wctomb
                0x080048e6       0x1a /home/paramra/Ac6/SystemWorkbench/plugins/fr.ac6.mcu.externaltools.arm-none.linux64_1.13.1.201703061524/tools/compiler/bin/../lib/gcc/arm-none-eabi/5.4.1/../../../../arm-none-eabi/lib/armv7-m/libc_nano.a(lib_a-wctomb_r.o)
                0x080048e6                __ascii_wctomb
 .text._malloc_usable_size_r
                0x08004900       0x14 /home/paramra/Ac6/SystemWorkbench/plugins/fr.ac6.mcu.externaltools.arm-none.linux64_1.13.1.201703061524/tools/compiler/bin/../lib/gcc/arm-none-eabi/5.4.1/../../../../arm-none-eabi/lib/armv7-m/libc_nano.a(lib_a-nano-msizer.o)
                0x08004900                _malloc_usable_size_r
 .text._sbrk    0x08004914       0x1c /home/paramra/Ac6/SystemWorkbench/plugins/fr.ac6.mcu.externaltools.arm-none.linux64_1.13.1.201703061524/tools/compiler/bin/../lib/gcc/arm-none-eabi/5.4.1/../../../../arm-none-eabi/lib/armv7-m/libnosys.a(sbrk.o)
                0x08004914                _sbrk
 *(.glue_7)
 .glue_7        0x08004930        0x0 linker stubs
 *(.glue_7t)
 .glue_7t       0x08004930        0x0 linker stubs
 *(.eh_frame)
 .eh_frame      0x08004930        0x0 /home/paramra/Ac6/SystemWorkbench/plugins/fr.ac6.mcu.externaltools.arm-none.linux64_1.13.1.201703061524/tools/compiler/bin/../lib/gcc/arm-none-eabi/5.4.1/armv7-m/crtbegin.o
 *(.init)
 .init          0x08004930        0x4 /home/paramra/Ac6/SystemWorkbench/plugins/fr.ac6.mcu.externaltools.arm-none.linux64_1.13.1.201703061524/tools/compiler/bin/../lib/gcc/arm-none-eabi/5.4.1/armv7-m/crti.o
                0x08004930                _init
 .init          0x08004934        0x8 /home/paramra/Ac6/SystemWorkbench/plugins/fr.ac6.mcu.externaltools.arm-none.linux64_1.13.1.201703061524/tools/compiler/bin/../lib/gcc/arm-none-eabi/5.4.1/armv7-m/crtn.o
 *(.fini)
 .fini          0x0800493c        0x4 /home/paramra/Ac6/SystemWorkbench/plugins/fr.ac6.mcu.externaltools.arm-none.linux64_1.13.1.201703061524/tools/compiler/bin/../lib/gcc/arm-none-eabi/5.4.1/armv7-m/crti.o
                0x0800493c                _fini
 .fini          0x08004940        0x8 /home/paramra/Ac6/SystemWorkbench/plugins/fr.ac6.mcu.externaltools.arm-none.linux64_1.13.1.201703061524/tools/compiler/bin/../lib/gcc/arm-none-eabi/5.4.1/armv7-m/crtn.o
                0x08004948                . = ALIGN (0x4)
                0x08004948                _etext = .

.vfp11_veneer   0x08004948        0x0
 .vfp11_veneer  0x08004948        0x0 linker stubs

.v4_bx          0x08004948        0x0
 .v4_bx         0x08004948        0x0 linker stubs

.iplt           0x08004948        0x0
 .iplt          0x08004948        0x0 /home/paramra/Ac6/SystemWorkbench/plugins/fr.ac6.mcu.externaltools.arm-none.linux64_1.13.1.201703061524/tools/compiler/bin/../lib/gcc/arm-none-eabi/5.4.1/armv7-m/crtbegin.o

.rodata         0x08004948      0x2e0
                0x08004948                . = ALIGN (0x4)
 *(.rodata)
 .rodata        0x08004948       0x12 Drivers/STM32F1xx_HAL_Driver/Src/stm32f1xx_hal_rcc.o
 *fill*         0x0800495a        0x2 
 .rodata        0x0800495c       0x18 Src/system_stm32f1xx.o
                0x0800495c                AHBPrescTable
                0x0800496c                APBPrescTable
 *(.rodata*)
 .rodata.str1.4
                0x08004974        0xd Src/adc.o
 *fill*         0x08004981        0x3 
 .rodata.str1.4
                0x08004984       0x38 Src/main.o
 .rodata.str1.4
                0x080049bc       0x10 Src/usart.o
                                  0xf (size before relaxing)
 .rodata.str1.1
                0x080049cc       0x12 /home/paramra/Ac6/SystemWorkbench/plugins/fr.ac6.mcu.externaltools.arm-none.linux64_1.13.1.201703061524/tools/compiler/bin/../lib/gcc/arm-none-eabi/5.4.1/../../../../arm-none-eabi/lib/armv7-m/libc_nano.a(lib_a-nano-vfprintf_float.o)
 .rodata.str1.1
                0x080049de       0x22 /home/paramra/Ac6/SystemWorkbench/plugins/fr.ac6.mcu.externaltools.arm-none.linux64_1.13.1.201703061524/tools/compiler/bin/../lib/gcc/arm-none-eabi/5.4.1/../../../../arm-none-eabi/lib/armv7-m/libc_nano.a(lib_a-nano-vfprintf_i.o)
 .rodata.str1.1
                0x08004a00        0xd /home/paramra/Ac6/SystemWorkbench/plugins/fr.ac6.mcu.externaltools.arm-none.linux64_1.13.1.201703061524/tools/compiler/bin/../lib/gcc/arm-none-eabi/5.4.1/../../../../arm-none-eabi/lib/armv7-m/libc_nano.a(lib_a-dtoa.o)
                                  0xf (size before relaxing)
 *fill*         0x08004a0d        0x3 
 .rodata.__mprec_tens
                0x08004a10       0xc8 /home/paramra/Ac6/SystemWorkbench/plugins/fr.ac6.mcu.externaltools.arm-none.linux64_1.13.1.201703061524/tools/compiler/bin/../lib/gcc/arm-none-eabi/5.4.1/../../../../arm-none-eabi/lib/armv7-m/libc_nano.a(lib_a-mprec.o)
                0x08004a10                __mprec_tens
 .rodata.__mprec_bigtens
                0x08004ad8       0x28 /home/paramra/Ac6/SystemWorkbench/plugins/fr.ac6.mcu.externaltools.arm-none.linux64_1.13.1.201703061524/tools/compiler/bin/../lib/gcc/arm-none-eabi/5.4.1/../../../../arm-none-eabi/lib/armv7-m/libc_nano.a(lib_a-mprec.o)
                0x08004ad8                __mprec_bigtens
 .rodata.p05.6097
                0x08004b00        0xc /home/paramra/Ac6/SystemWorkbench/plugins/fr.ac6.mcu.externaltools.arm-none.linux64_1.13.1.201703061524/tools/compiler/bin/../lib/gcc/arm-none-eabi/5.4.1/../../../../arm-none-eabi/lib/armv7-m/libc_nano.a(lib_a-mprec.o)
 .rodata.str1.1
                0x08004b0c       0x11 /home/paramra/Ac6/SystemWorkbench/plugins/fr.ac6.mcu.externaltools.arm-none.linux64_1.13.1.201703061524/tools/compiler/bin/../lib/gcc/arm-none-eabi/5.4.1/../../../../arm-none-eabi/lib/armv7-m/libc_nano.a(lib_a-nano-svfprintf.o)
 .rodata.str1.1
                0x08004b1d        0xa /home/paramra/Ac6/SystemWorkbench/plugins/fr.ac6.mcu.externaltools.arm-none.linux64_1.13.1.201703061524/tools/compiler/bin/../lib/gcc/arm-none-eabi/5.4.1/../../../../arm-none-eabi/lib/armv7-m/libc_nano.a(lib_a-locale.o)
                                  0xb (size before relaxing)
 .rodata._ctype_
                0x08004b27      0x101 /home/paramra/Ac6/SystemWorkbench/plugins/fr.ac6.mcu.externaltools.arm-none.linux64_1.13.1.201703061524/tools/compiler/bin/../lib/gcc/arm-none-eabi/5.4.1/../../../../arm-none-eabi/lib/armv7-m/libc_nano.a(lib_a-ctype_.o)
                0x08004b27                _ctype_
                0x08004c28                . = ALIGN (0x4)

.rel.dyn        0x08004c28        0x0
 .rel.iplt      0x08004c28        0x0 /home/paramra/Ac6/SystemWorkbench/plugins/fr.ac6.mcu.externaltools.arm-none.linux64_1.13.1.201703061524/tools/compiler/bin/../lib/gcc/arm-none-eabi/5.4.1/armv7-m/crtbegin.o

.ARM.extab
 *(.ARM.extab* .gnu.linkonce.armextab.*)

.ARM            0x08004c28        0x0
                0x08004c28                __exidx_start = .
 *(.ARM.exidx*)
                0x08004c28                __exidx_end = .

.preinit_array  0x08004c28        0x0
                0x08004c28                PROVIDE (__preinit_array_start, .)
 *(.preinit_array*)
                0x08004c28                PROVIDE (__preinit_array_end, .)

.init_array     0x08004c28        0x4
                0x08004c28                PROVIDE (__init_array_start, .)
 *(SORT(.init_array.*))
 *(.init_array*)
 .init_array    0x08004c28        0x4 /home/paramra/Ac6/SystemWorkbench/plugins/fr.ac6.mcu.externaltools.arm-none.linux64_1.13.1.201703061524/tools/compiler/bin/../lib/gcc/arm-none-eabi/5.4.1/armv7-m/crtbegin.o
                0x08004c2c                PROVIDE (__init_array_end, .)

.fini_array     0x08004c2c        0x4
                [!provide]                PROVIDE (__fini_array_start, .)
 *(SORT(.fini_array.*))
 *(.fini_array*)
 .fini_array    0x08004c2c        0x4 /home/paramra/Ac6/SystemWorkbench/plugins/fr.ac6.mcu.externaltools.arm-none.linux64_1.13.1.201703061524/tools/compiler/bin/../lib/gcc/arm-none-eabi/5.4.1/armv7-m/crtbegin.o
                [!provide]                PROVIDE (__fini_array_end, .)
                0x08004c30                _sidata = LOADADDR (.data)

.data           0x20000000      0x1d8 load address 0x08004c30
                0x20000000                . = ALIGN (0x4)
                0x20000000                _sdata = .
 *(.data)
 .data          0x20000000        0x1 Src/main.o
                0x20000000                f_adc_data_ready
 *fill*         0x20000001        0x3 
 .data          0x20000004        0x4 Src/system_stm32f1xx.o
                0x20000004                SystemCoreClock
 *(.data*)
 .data.impure_data
                0x20000008       0x60 /home/paramra/Ac6/SystemWorkbench/plugins/fr.ac6.mcu.externaltools.arm-none.linux64_1.13.1.201703061524/tools/compiler/bin/../lib/gcc/arm-none-eabi/5.4.1/../../../../arm-none-eabi/lib/armv7-m/libc_nano.a(lib_a-impure.o)
 .data._impure_ptr
                0x20000068        0x4 /home/paramra/Ac6/SystemWorkbench/plugins/fr.ac6.mcu.externaltools.arm-none.linux64_1.13.1.201703061524/tools/compiler/bin/../lib/gcc/arm-none-eabi/5.4.1/../../../../arm-none-eabi/lib/armv7-m/libc_nano.a(lib_a-impure.o)
                0x20000068                _impure_ptr
 .data.__global_locale
                0x2000006c      0x16c /home/paramra/Ac6/SystemWorkbench/plugins/fr.ac6.mcu.externaltools.arm-none.linux64_1.13.1.201703061524/tools/compiler/bin/../lib/gcc/arm-none-eabi/5.4.1/../../../../arm-none-eabi/lib/armv7-m/libc_nano.a(lib_a-locale.o)
                0x2000006c                __global_locale
                0x200001d8                . = ALIGN (0x4)
                0x200001d8                _edata = .

.jcr            0x200001d8        0x0 load address 0x08004e08
 .jcr           0x200001d8        0x0 /home/paramra/Ac6/SystemWorkbench/plugins/fr.ac6.mcu.externaltools.arm-none.linux64_1.13.1.201703061524/tools/compiler/bin/../lib/gcc/arm-none-eabi/5.4.1/armv7-m/crtbegin.o

.igot.plt       0x200001d8        0x0 load address 0x08004e08
 .igot.plt      0x200001d8        0x0 /home/paramra/Ac6/SystemWorkbench/plugins/fr.ac6.mcu.externaltools.arm-none.linux64_1.13.1.201703061524/tools/compiler/bin/../lib/gcc/arm-none-eabi/5.4.1/armv7-m/crtbegin.o
                0x200001d8                . = ALIGN (0x4)

.bss            0x200001d8      0x12c load address 0x08004e08
                0x200001d8                _sbss = .
                0x200001d8                __bss_start__ = _sbss
 *(.bss)
 .bss           0x200001d8       0x1c /home/paramra/Ac6/SystemWorkbench/plugins/fr.ac6.mcu.externaltools.arm-none.linux64_1.13.1.201703061524/tools/compiler/bin/../lib/gcc/arm-none-eabi/5.4.1/armv7-m/crtbegin.o
 .bss           0x200001f4       0x48 Src/main.o
 *(.bss*)
 .bss.__malloc_sbrk_start
                0x2000023c        0x4 /home/paramra/Ac6/SystemWorkbench/plugins/fr.ac6.mcu.externaltools.arm-none.linux64_1.13.1.201703061524/tools/compiler/bin/../lib/gcc/arm-none-eabi/5.4.1/../../../../arm-none-eabi/lib/armv7-m/libc_nano.a(lib_a-nano-mallocr.o)
                0x2000023c                __malloc_sbrk_start
 .bss.__malloc_free_list
                0x20000240        0x4 /home/paramra/Ac6/SystemWorkbench/plugins/fr.ac6.mcu.externaltools.arm-none.linux64_1.13.1.201703061524/tools/compiler/bin/../lib/gcc/arm-none-eabi/5.4.1/../../../../arm-none-eabi/lib/armv7-m/libc_nano.a(lib_a-nano-mallocr.o)
                0x20000240                __malloc_free_list
 .bss.heap_end.4167
                0x20000244        0x4 /home/paramra/Ac6/SystemWorkbench/plugins/fr.ac6.mcu.externaltools.arm-none.linux64_1.13.1.201703061524/tools/compiler/bin/../lib/gcc/arm-none-eabi/5.4.1/../../../../arm-none-eabi/lib/armv7-m/libnosys.a(sbrk.o)
 *(COMMON)
 COMMON         0x20000248        0x4 Drivers/STM32F1xx_HAL_Driver/Src/stm32f1xx_hal.o
                0x20000248                uwTick
 COMMON         0x2000024c       0x74 Src/adc.o
                0x2000024c                hadc1
                0x2000027c                hdma_adc1
 COMMON         0x200002c0       0x40 Src/usart.o
                0x200002c0                huart2
 COMMON         0x20000300        0x4 /home/paramra/Ac6/SystemWorkbench/plugins/fr.ac6.mcu.externaltools.arm-none.linux64_1.13.1.201703061524/tools/compiler/bin/../lib/gcc/arm-none-eabi/5.4.1/../../../../arm-none-eabi/lib/armv7-m/libc_nano.a(lib_a-reent.o)
                0x20000300                errno
                0x20000304                . = ALIGN (0x4)
                0x20000304                _ebss = .
                0x20000304                __bss_end__ = _ebss

._user_heap_stack
                0x20000304      0x604 load address 0x08004e08
                0x20000308                . = ALIGN (0x8)
 *fill*         0x20000304        0x4 
                0x20000308                PROVIDE (end, .)
                [!provide]                PROVIDE (_end, .)
                0x20000508                . = (. + _Min_Heap_Size)
 *fill*         0x20000308      0x200 
                0x20000908                . = (. + _Min_Stack_Size)
 *fill*         0x20000508      0x400 
                0x20000908                . = ALIGN (0x8)

/DISCARD/
 libc.a(*)
 libm.a(*)
 libgcc.a(*)

.ARM.attributes
                0x00000000       0x29
 *(.ARM.attributes)
 .ARM.attributes
                0x00000000       0x1d /home/paramra/Ac6/SystemWorkbench/plugins/fr.ac6.mcu.externaltools.arm-none.linux64_1.13.1.201703061524/tools/compiler/bin/../lib/gcc/arm-none-eabi/5.4.1/armv7-m/crti.o
 .ARM.attributes
                0x0000001d       0x2d /home/paramra/Ac6/SystemWorkbench/plugins/fr.ac6.mcu.externaltools.arm-none.linux64_1.13.1.201703061524/tools/compiler/bin/../lib/gcc/arm-none-eabi/5.4.1/armv7-m/crtbegin.o
 .ARM.attributes
                0x0000004a       0x33 Drivers/STM32F1xx_HAL_Driver/Src/stm32f1xx_hal.o
 .ARM.attributes
                0x0000007d       0x33 Drivers/STM32F1xx_HAL_Driver/Src/stm32f1xx_hal_adc.o
 .ARM.attributes
                0x000000b0       0x33 Drivers/STM32F1xx_HAL_Driver/Src/stm32f1xx_hal_adc_ex.o
 .ARM.attributes
                0x000000e3       0x33 Drivers/STM32F1xx_HAL_Driver/Src/stm32f1xx_hal_cortex.o
 .ARM.attributes
                0x00000116       0x33 Drivers/STM32F1xx_HAL_Driver/Src/stm32f1xx_hal_dma.o
 .ARM.attributes
                0x00000149       0x33 Drivers/STM32F1xx_HAL_Driver/Src/stm32f1xx_hal_gpio.o
 .ARM.attributes
                0x0000017c       0x33 Drivers/STM32F1xx_HAL_Driver/Src/stm32f1xx_hal_rcc.o
 .ARM.attributes
                0x000001af       0x33 Drivers/STM32F1xx_HAL_Driver/Src/stm32f1xx_hal_rcc_ex.o
 .ARM.attributes
                0x000001e2       0x33 Drivers/STM32F1xx_HAL_Driver/Src/stm32f1xx_hal_uart.o
 .ARM.attributes
                0x00000215       0x33 Src/adc.o
 .ARM.attributes
                0x00000248       0x33 Src/dma.o
 .ARM.attributes
                0x0000027b       0x33 Src/gpio.o
 .ARM.attributes
                0x000002ae       0x33 Src/main.o
 .ARM.attributes
                0x000002e1       0x33 Src/stm32f1xx_hal_msp.o
 .ARM.attributes
                0x00000314       0x33 Src/stm32f1xx_it.o
 .ARM.attributes
                0x00000347       0x33 Src/system_stm32f1xx.o
 .ARM.attributes
                0x0000037a       0x33 Src/usart.o
 .ARM.attributes
                0x000003ad       0x21 startup/startup_stm32f103xb.o
 .ARM.attributes
                0x000003ce       0x1d /home/paramra/Ac6/SystemWorkbench/plugins/fr.ac6.mcu.externaltools.arm-none.linux64_1.13.1.201703061524/tools/compiler/bin/../lib/gcc/arm-none-eabi/5.4.1/armv7-m/libgcc.a(_arm_addsubdf3.o)
 .ARM.attributes
                0x000003eb       0x1d /home/paramra/Ac6/SystemWorkbench/plugins/fr.ac6.mcu.externaltools.arm-none.linux64_1.13.1.201703061524/tools/compiler/bin/../lib/gcc/arm-none-eabi/5.4.1/armv7-m/libgcc.a(_arm_muldivdf3.o)
 .ARM.attributes
                0x00000408       0x1d /home/paramra/Ac6/SystemWorkbench/plugins/fr.ac6.mcu.externaltools.arm-none.linux64_1.13.1.201703061524/tools/compiler/bin/../lib/gcc/arm-none-eabi/5.4.1/armv7-m/libgcc.a(_arm_truncdfsf2.o)
 .ARM.attributes
                0x00000425       0x2d /home/paramra/Ac6/SystemWorkbench/plugins/fr.ac6.mcu.externaltools.arm-none.linux64_1.13.1.201703061524/tools/compiler/bin/../lib/gcc/arm-none-eabi/5.4.1/../../../../arm-none-eabi/lib/armv7-m/libc_nano.a(lib_a-impure.o)
 .ARM.attributes
                0x00000452       0x2d /home/paramra/Ac6/SystemWorkbench/plugins/fr.ac6.mcu.externaltools.arm-none.linux64_1.13.1.201703061524/tools/compiler/bin/../lib/gcc/arm-none-eabi/5.4.1/../../../../arm-none-eabi/lib/armv7-m/libc_nano.a(lib_a-init.o)
 .ARM.attributes
                0x0000047f       0x2d /home/paramra/Ac6/SystemWorkbench/plugins/fr.ac6.mcu.externaltools.arm-none.linux64_1.13.1.201703061524/tools/compiler/bin/../lib/gcc/arm-none-eabi/5.4.1/../../../../arm-none-eabi/lib/armv7-m/libc_nano.a(lib_a-memset.o)
 .ARM.attributes
                0x000004ac       0x2d /home/paramra/Ac6/SystemWorkbench/plugins/fr.ac6.mcu.externaltools.arm-none.linux64_1.13.1.201703061524/tools/compiler/bin/../lib/gcc/arm-none-eabi/5.4.1/../../../../arm-none-eabi/lib/armv7-m/libc_nano.a(lib_a-nano-vfprintf_float.o)
 .ARM.attributes
                0x000004d9       0x2d /home/paramra/Ac6/SystemWorkbench/plugins/fr.ac6.mcu.externaltools.arm-none.linux64_1.13.1.201703061524/tools/compiler/bin/../lib/gcc/arm-none-eabi/5.4.1/../../../../arm-none-eabi/lib/armv7-m/libc_nano.a(lib_a-nano-vfprintf_i.o)
 .ARM.attributes
                0x00000506       0x2d /home/paramra/Ac6/SystemWorkbench/plugins/fr.ac6.mcu.externaltools.arm-none.linux64_1.13.1.201703061524/tools/compiler/bin/../lib/gcc/arm-none-eabi/5.4.1/../../../../arm-none-eabi/lib/armv7-m/libc_nano.a(lib_a-sprintf.o)
 .ARM.attributes
                0x00000533       0x17 /home/paramra/Ac6/SystemWorkbench/plugins/fr.ac6.mcu.externaltools.arm-none.linux64_1.13.1.201703061524/tools/compiler/bin/../lib/gcc/arm-none-eabi/5.4.1/../../../../arm-none-eabi/lib/armv7-m/libc_nano.a(lib_a-strlen.o)
 .ARM.attributes
                0x0000054a       0x2d /home/paramra/Ac6/SystemWorkbench/plugins/fr.ac6.mcu.externaltools.arm-none.linux64_1.13.1.201703061524/tools/compiler/bin/../lib/gcc/arm-none-eabi/5.4.1/../../../../arm-none-eabi/lib/armv7-m/libc_nano.a(lib_a-dtoa.o)
 .ARM.attributes
                0x00000577       0x2d /home/paramra/Ac6/SystemWorkbench/plugins/fr.ac6.mcu.externaltools.arm-none.linux64_1.13.1.201703061524/tools/compiler/bin/../lib/gcc/arm-none-eabi/5.4.1/../../../../arm-none-eabi/lib/armv7-m/libc_nano.a(lib_a-localeconv.o)
 .ARM.attributes
                0x000005a4       0x2d /home/paramra/Ac6/SystemWorkbench/plugins/fr.ac6.mcu.externaltools.arm-none.linux64_1.13.1.201703061524/tools/compiler/bin/../lib/gcc/arm-none-eabi/5.4.1/../../../../arm-none-eabi/lib/armv7-m/libc_nano.a(lib_a-malloc.o)
 .ARM.attributes
                0x000005d1       0x2d /home/paramra/Ac6/SystemWorkbench/plugins/fr.ac6.mcu.externaltools.arm-none.linux64_1.13.1.201703061524/tools/compiler/bin/../lib/gcc/arm-none-eabi/5.4.1/../../../../arm-none-eabi/lib/armv7-m/libc_nano.a(lib_a-memchr-stub.o)
 .ARM.attributes
                0x000005fe       0x2d /home/paramra/Ac6/SystemWorkbench/plugins/fr.ac6.mcu.externaltools.arm-none.linux64_1.13.1.201703061524/tools/compiler/bin/../lib/gcc/arm-none-eabi/5.4.1/../../../../arm-none-eabi/lib/armv7-m/libc_nano.a(lib_a-memcpy-stub.o)
 .ARM.attributes
                0x0000062b       0x2d /home/paramra/Ac6/SystemWorkbench/plugins/fr.ac6.mcu.externaltools.arm-none.linux64_1.13.1.201703061524/tools/compiler/bin/../lib/gcc/arm-none-eabi/5.4.1/../../../../arm-none-eabi/lib/armv7-m/libc_nano.a(lib_a-mprec.o)
 .ARM.attributes
                0x00000658       0x2d /home/paramra/Ac6/SystemWorkbench/plugins/fr.ac6.mcu.externaltools.arm-none.linux64_1.13.1.201703061524/tools/compiler/bin/../lib/gcc/arm-none-eabi/5.4.1/../../../../arm-none-eabi/lib/armv7-m/libc_nano.a(lib_a-nano-callocr.o)
 .ARM.attributes
                0x00000685       0x2d /home/paramra/Ac6/SystemWorkbench/plugins/fr.ac6.mcu.externaltools.arm-none.linux64_1.13.1.201703061524/tools/compiler/bin/../lib/gcc/arm-none-eabi/5.4.1/../../../../arm-none-eabi/lib/armv7-m/libc_nano.a(lib_a-nano-freer.o)
 .ARM.attributes
                0x000006b2       0x2d /home/paramra/Ac6/SystemWorkbench/plugins/fr.ac6.mcu.externaltools.arm-none.linux64_1.13.1.201703061524/tools/compiler/bin/../lib/gcc/arm-none-eabi/5.4.1/../../../../arm-none-eabi/lib/armv7-m/libc_nano.a(lib_a-nano-mallocr.o)
 .ARM.attributes
                0x000006df       0x2d /home/paramra/Ac6/SystemWorkbench/plugins/fr.ac6.mcu.externaltools.arm-none.linux64_1.13.1.201703061524/tools/compiler/bin/../lib/gcc/arm-none-eabi/5.4.1/../../../../arm-none-eabi/lib/armv7-m/libc_nano.a(lib_a-nano-svfprintf.o)
 .ARM.attributes
                0x0000070c       0x2d /home/paramra/Ac6/SystemWorkbench/plugins/fr.ac6.mcu.externaltools.arm-none.linux64_1.13.1.201703061524/tools/compiler/bin/../lib/gcc/arm-none-eabi/5.4.1/../../../../arm-none-eabi/lib/armv7-m/libc_nano.a(lib_a-sbrkr.o)
 .ARM.attributes
                0x00000739       0x2d /home/paramra/Ac6/SystemWorkbench/plugins/fr.ac6.mcu.externaltools.arm-none.linux64_1.13.1.201703061524/tools/compiler/bin/../lib/gcc/arm-none-eabi/5.4.1/../../../../arm-none-eabi/lib/armv7-m/libc_nano.a(lib_a-locale.o)
 .ARM.attributes
                0x00000766       0x2d /home/paramra/Ac6/SystemWorkbench/plugins/fr.ac6.mcu.externaltools.arm-none.linux64_1.13.1.201703061524/tools/compiler/bin/../lib/gcc/arm-none-eabi/5.4.1/../../../../arm-none-eabi/lib/armv7-m/libc_nano.a(lib_a-mbtowc_r.o)
 .ARM.attributes
                0x00000793       0x2d /home/paramra/Ac6/SystemWorkbench/plugins/fr.ac6.mcu.externaltools.arm-none.linux64_1.13.1.201703061524/tools/compiler/bin/../lib/gcc/arm-none-eabi/5.4.1/../../../../arm-none-eabi/lib/armv7-m/libc_nano.a(lib_a-memmove.o)
 .ARM.attributes
                0x000007c0       0x2d /home/paramra/Ac6/SystemWorkbench/plugins/fr.ac6.mcu.externaltools.arm-none.linux64_1.13.1.201703061524/tools/compiler/bin/../lib/gcc/arm-none-eabi/5.4.1/../../../../arm-none-eabi/lib/armv7-m/libc_nano.a(lib_a-mlock.o)
 .ARM.attributes
                0x000007ed       0x2d /home/paramra/Ac6/SystemWorkbench/plugins/fr.ac6.mcu.externaltools.arm-none.linux64_1.13.1.201703061524/tools/compiler/bin/../lib/gcc/arm-none-eabi/5.4.1/../../../../arm-none-eabi/lib/armv7-m/libc_nano.a(lib_a-nano-reallocr.o)
 .ARM.attributes
                0x0000081a       0x2d /home/paramra/Ac6/SystemWorkbench/plugins/fr.ac6.mcu.externaltools.arm-none.linux64_1.13.1.201703061524/tools/compiler/bin/../lib/gcc/arm-none-eabi/5.4.1/../../../../arm-none-eabi/lib/armv7-m/libc_nano.a(lib_a-reent.o)
 .ARM.attributes
                0x00000847       0x2d /home/paramra/Ac6/SystemWorkbench/plugins/fr.ac6.mcu.externaltools.arm-none.linux64_1.13.1.201703061524/tools/compiler/bin/../lib/gcc/arm-none-eabi/5.4.1/../../../../arm-none-eabi/lib/armv7-m/libc_nano.a(lib_a-wctomb_r.o)
 .ARM.attributes
                0x00000874       0x2d /home/paramra/Ac6/SystemWorkbench/plugins/fr.ac6.mcu.externaltools.arm-none.linux64_1.13.1.201703061524/tools/compiler/bin/../lib/gcc/arm-none-eabi/5.4.1/../../../../arm-none-eabi/lib/armv7-m/libc_nano.a(lib_a-ctype_.o)
 .ARM.attributes
                0x000008a1       0x2d /home/paramra/Ac6/SystemWorkbench/plugins/fr.ac6.mcu.externaltools.arm-none.linux64_1.13.1.201703061524/tools/compiler/bin/../lib/gcc/arm-none-eabi/5.4.1/../../../../arm-none-eabi/lib/armv7-m/libc_nano.a(lib_a-nano-msizer.o)
 .ARM.attributes
                0x000008ce       0x1d /home/paramra/Ac6/SystemWorkbench/plugins/fr.ac6.mcu.externaltools.arm-none.linux64_1.13.1.201703061524/tools/compiler/bin/../lib/gcc/arm-none-eabi/5.4.1/armv7-m/libgcc.a(_arm_cmpdf2.o)
 .ARM.attributes
                0x000008eb       0x1d /home/paramra/Ac6/SystemWorkbench/plugins/fr.ac6.mcu.externaltools.arm-none.linux64_1.13.1.201703061524/tools/compiler/bin/../lib/gcc/arm-none-eabi/5.4.1/armv7-m/libgcc.a(_arm_unorddf2.o)
 .ARM.attributes
                0x00000908       0x1d /home/paramra/Ac6/SystemWorkbench/plugins/fr.ac6.mcu.externaltools.arm-none.linux64_1.13.1.201703061524/tools/compiler/bin/../lib/gcc/arm-none-eabi/5.4.1/armv7-m/libgcc.a(_arm_fixdfsi.o)
 .ARM.attributes
                0x00000925       0x2d /home/paramra/Ac6/SystemWorkbench/plugins/fr.ac6.mcu.externaltools.arm-none.linux64_1.13.1.201703061524/tools/compiler/bin/../lib/gcc/arm-none-eabi/5.4.1/../../../../arm-none-eabi/lib/armv7-m/libnosys.a(sbrk.o)
 .ARM.attributes
                0x00000952       0x1d /home/paramra/Ac6/SystemWorkbench/plugins/fr.ac6.mcu.externaltools.arm-none.linux64_1.13.1.201703061524/tools/compiler/bin/../lib/gcc/arm-none-eabi/5.4.1/armv7-m/crtn.o
OUTPUT(fwADC103.elf elf32-littlearm)

.debug_info     0x00000000     0x936b
 .debug_info    0x00000000      0x670 Drivers/STM32F1xx_HAL_Driver/Src/stm32f1xx_hal.o
 .debug_info    0x00000670      0xdbb Drivers/STM32F1xx_HAL_Driver/Src/stm32f1xx_hal_adc.o
 .debug_info    0x0000142b      0xaee Drivers/STM32F1xx_HAL_Driver/Src/stm32f1xx_hal_adc_ex.o
 .debug_info    0x00001f19      0xc2e Drivers/STM32F1xx_HAL_Driver/Src/stm32f1xx_hal_cortex.o
 .debug_info    0x00002b47      0x7c2 Drivers/STM32F1xx_HAL_Driver/Src/stm32f1xx_hal_dma.o
 .debug_info    0x00003309      0x608 Drivers/STM32F1xx_HAL_Driver/Src/stm32f1xx_hal_gpio.o
 .debug_info    0x00003911      0x96b Drivers/STM32F1xx_HAL_Driver/Src/stm32f1xx_hal_rcc.o
 .debug_info    0x0000427c      0x41a Drivers/STM32F1xx_HAL_Driver/Src/stm32f1xx_hal_rcc_ex.o
 .debug_info    0x00004696     0x1615 Drivers/STM32F1xx_HAL_Driver/Src/stm32f1xx_hal_uart.o
 .debug_info    0x00005cab      0xab7 Src/adc.o
 .debug_info    0x00006762      0x319 Src/dma.o
 .debug_info    0x00006a7b      0x4cf Src/gpio.o
 .debug_info    0x00006f4a      0xe6a Src/main.o
 .debug_info    0x00007db4      0x43a Src/stm32f1xx_hal_msp.o
 .debug_info    0x000081ee      0x591 Src/stm32f1xx_it.o
 .debug_info    0x0000877f      0x3eb Src/system_stm32f1xx.o
 .debug_info    0x00008b6a      0x78d Src/usart.o
 .debug_info    0x000092f7       0x74 startup/startup_stm32f103xb.o

.debug_abbrev   0x00000000     0x1e9f
 .debug_abbrev  0x00000000      0x1e8 Drivers/STM32F1xx_HAL_Driver/Src/stm32f1xx_hal.o
 .debug_abbrev  0x000001e8      0x1e2 Drivers/STM32F1xx_HAL_Driver/Src/stm32f1xx_hal_adc.o
 .debug_abbrev  0x000003ca      0x21e Drivers/STM32F1xx_HAL_Driver/Src/stm32f1xx_hal_adc_ex.o
 .debug_abbrev  0x000005e8      0x2d9 Drivers/STM32F1xx_HAL_Driver/Src/stm32f1xx_hal_cortex.o
 .debug_abbrev  0x000008c1      0x201 Drivers/STM32F1xx_HAL_Driver/Src/stm32f1xx_hal_dma.o
 .debug_abbrev  0x00000ac2      0x1cd Drivers/STM32F1xx_HAL_Driver/Src/stm32f1xx_hal_gpio.o
 .debug_abbrev  0x00000c8f      0x260 Drivers/STM32F1xx_HAL_Driver/Src/stm32f1xx_hal_rcc.o
 .debug_abbrev  0x00000eef      0x1b6 Drivers/STM32F1xx_HAL_Driver/Src/stm32f1xx_hal_rcc_ex.o
 .debug_abbrev  0x000010a5      0x233 Drivers/STM32F1xx_HAL_Driver/Src/stm32f1xx_hal_uart.o
 .debug_abbrev  0x000012d8      0x1aa Src/adc.o
 .debug_abbrev  0x00001482      0x114 Src/dma.o
 .debug_abbrev  0x00001596      0x150 Src/gpio.o
 .debug_abbrev  0x000016e6      0x26c Src/main.o
 .debug_abbrev  0x00001952      0x126 Src/stm32f1xx_hal_msp.o
 .debug_abbrev  0x00001a78      0x15a Src/stm32f1xx_it.o
 .debug_abbrev  0x00001bd2      0x125 Src/system_stm32f1xx.o
 .debug_abbrev  0x00001cf7      0x196 Src/usart.o
 .debug_abbrev  0x00001e8d       0x12 startup/startup_stm32f103xb.o

.debug_loc      0x00000000     0x3cd9
 .debug_loc     0x00000000       0x69 Drivers/STM32F1xx_HAL_Driver/Src/stm32f1xx_hal.o
 .debug_loc     0x00000069      0x8be Drivers/STM32F1xx_HAL_Driver/Src/stm32f1xx_hal_adc.o
 .debug_loc     0x00000927      0x7f9 Drivers/STM32F1xx_HAL_Driver/Src/stm32f1xx_hal_adc_ex.o
 .debug_loc     0x00001120      0x527 Drivers/STM32F1xx_HAL_Driver/Src/stm32f1xx_hal_cortex.o
 .debug_loc     0x00001647      0x6a0 Drivers/STM32F1xx_HAL_Driver/Src/stm32f1xx_hal_dma.o
 .debug_loc     0x00001ce7      0x377 Drivers/STM32F1xx_HAL_Driver/Src/stm32f1xx_hal_gpio.o
 .debug_loc     0x0000205e      0x4bc Drivers/STM32F1xx_HAL_Driver/Src/stm32f1xx_hal_rcc.o
 .debug_loc     0x0000251a      0x2d4 Drivers/STM32F1xx_HAL_Driver/Src/stm32f1xx_hal_rcc_ex.o
 .debug_loc     0x000027ee     0x1308 Drivers/STM32F1xx_HAL_Driver/Src/stm32f1xx_hal_uart.o
 .debug_loc     0x00003af6       0x52 Src/adc.o
 .debug_loc     0x00003b48       0x65 Src/main.o
 .debug_loc     0x00003bad       0xdf Src/system_stm32f1xx.o
 .debug_loc     0x00003c8c       0x4d Src/usart.o

.debug_aranges  0x00000000      0x7a8
 .debug_aranges
                0x00000000       0xb8 Drivers/STM32F1xx_HAL_Driver/Src/stm32f1xx_hal.o
 .debug_aranges
                0x000000b8       0xf0 Drivers/STM32F1xx_HAL_Driver/Src/stm32f1xx_hal_adc.o
 .debug_aranges
                0x000001a8       0x80 Drivers/STM32F1xx_HAL_Driver/Src/stm32f1xx_hal_adc_ex.o
 .debug_aranges
                0x00000228       0x90 Drivers/STM32F1xx_HAL_Driver/Src/stm32f1xx_hal_cortex.o
 .debug_aranges
                0x000002b8       0x80 Drivers/STM32F1xx_HAL_Driver/Src/stm32f1xx_hal_dma.o
 .debug_aranges
                0x00000338       0x58 Drivers/STM32F1xx_HAL_Driver/Src/stm32f1xx_hal_gpio.o
 .debug_aranges
                0x00000390       0x90 Drivers/STM32F1xx_HAL_Driver/Src/stm32f1xx_hal_rcc.o
 .debug_aranges
                0x00000420       0x30 Drivers/STM32F1xx_HAL_Driver/Src/stm32f1xx_hal_rcc_ex.o
 .debug_aranges
                0x00000450      0x1d0 Drivers/STM32F1xx_HAL_Driver/Src/stm32f1xx_hal_uart.o
 .debug_aranges
                0x00000620       0x30 Src/adc.o
 .debug_aranges
                0x00000650       0x20 Src/dma.o
 .debug_aranges
                0x00000670       0x20 Src/gpio.o
 .debug_aranges
                0x00000690       0x40 Src/main.o
 .debug_aranges
                0x000006d0       0x20 Src/stm32f1xx_hal_msp.o
 .debug_aranges
                0x000006f0       0x38 Src/stm32f1xx_it.o
 .debug_aranges
                0x00000728       0x28 Src/system_stm32f1xx.o
 .debug_aranges
                0x00000750       0x30 Src/usart.o
 .debug_aranges
                0x00000780       0x28 startup/startup_stm32f103xb.o

.debug_ranges   0x00000000      0x6c0
 .debug_ranges  0x00000000       0xa8 Drivers/STM32F1xx_HAL_Driver/Src/stm32f1xx_hal.o
 .debug_ranges  0x000000a8       0xe0 Drivers/STM32F1xx_HAL_Driver/Src/stm32f1xx_hal_adc.o
 .debug_ranges  0x00000188       0x70 Drivers/STM32F1xx_HAL_Driver/Src/stm32f1xx_hal_adc_ex.o
 .debug_ranges  0x000001f8       0x80 Drivers/STM32F1xx_HAL_Driver/Src/stm32f1xx_hal_cortex.o
 .debug_ranges  0x00000278       0x70 Drivers/STM32F1xx_HAL_Driver/Src/stm32f1xx_hal_dma.o
 .debug_ranges  0x000002e8       0x48 Drivers/STM32F1xx_HAL_Driver/Src/stm32f1xx_hal_gpio.o
 .debug_ranges  0x00000330       0x98 Drivers/STM32F1xx_HAL_Driver/Src/stm32f1xx_hal_rcc.o
 .debug_ranges  0x000003c8       0x38 Drivers/STM32F1xx_HAL_Driver/Src/stm32f1xx_hal_rcc_ex.o
 .debug_ranges  0x00000400      0x1c0 Drivers/STM32F1xx_HAL_Driver/Src/stm32f1xx_hal_uart.o
 .debug_ranges  0x000005c0       0x20 Src/adc.o
 .debug_ranges  0x000005e0       0x10 Src/dma.o
 .debug_ranges  0x000005f0       0x10 Src/gpio.o
 .debug_ranges  0x00000600       0x30 Src/main.o
 .debug_ranges  0x00000630       0x10 Src/stm32f1xx_hal_msp.o
 .debug_ranges  0x00000640       0x28 Src/stm32f1xx_it.o
 .debug_ranges  0x00000668       0x18 Src/system_stm32f1xx.o
 .debug_ranges  0x00000680       0x20 Src/usart.o
 .debug_ranges  0x000006a0       0x20 startup/startup_stm32f103xb.o

.debug_macro    0x00000000    0x15e9f
 .debug_macro   0x00000000      0x2ff Drivers/STM32F1xx_HAL_Driver/Src/stm32f1xx_hal.o
 .debug_macro   0x000002ff      0x880 Drivers/STM32F1xx_HAL_Driver/Src/stm32f1xx_hal.o
 .debug_macro   0x00000b7f       0x6a Drivers/STM32F1xx_HAL_Driver/Src/stm32f1xx_hal.o
 .debug_macro   0x00000be9      0x16f Drivers/STM32F1xx_HAL_Driver/Src/stm32f1xx_hal.o
 .debug_macro   0x00000d58       0x2e Drivers/STM32F1xx_HAL_Driver/Src/stm32f1xx_hal.o
 .debug_macro   0x00000d86       0x22 Drivers/STM32F1xx_HAL_Driver/Src/stm32f1xx_hal.o
 .debug_macro   0x00000da8       0x22 Drivers/STM32F1xx_HAL_Driver/Src/stm32f1xx_hal.o
 .debug_macro   0x00000dca       0x87 Drivers/STM32F1xx_HAL_Driver/Src/stm32f1xx_hal.o
 .debug_macro   0x00000e51       0x44 Drivers/STM32F1xx_HAL_Driver/Src/stm32f1xx_hal.o
 .debug_macro   0x00000e95       0xfd Drivers/STM32F1xx_HAL_Driver/Src/stm32f1xx_hal.o
 .debug_macro   0x00000f92       0x5e Drivers/STM32F1xx_HAL_Driver/Src/stm32f1xx_hal.o
 .debug_macro   0x00000ff0      0x1df Drivers/STM32F1xx_HAL_Driver/Src/stm32f1xx_hal.o
 .debug_macro   0x000011cf       0x34 Drivers/STM32F1xx_HAL_Driver/Src/stm32f1xx_hal.o
 .debug_macro   0x00001203       0x34 Drivers/STM32F1xx_HAL_Driver/Src/stm32f1xx_hal.o
 .debug_macro   0x00001237      0xb8e Drivers/STM32F1xx_HAL_Driver/Src/stm32f1xx_hal.o
 .debug_macro   0x00001dc5     0xe90a Drivers/STM32F1xx_HAL_Driver/Src/stm32f1xx_hal.o
 .debug_macro   0x000106cf       0x43 Drivers/STM32F1xx_HAL_Driver/Src/stm32f1xx_hal.o
 .debug_macro   0x00010712       0x52 Drivers/STM32F1xx_HAL_Driver/Src/stm32f1xx_hal.o
 .debug_macro   0x00010764       0x35 Drivers/STM32F1xx_HAL_Driver/Src/stm32f1xx_hal.o
 .debug_macro   0x00010799       0x9c Drivers/STM32F1xx_HAL_Driver/Src/stm32f1xx_hal.o
 .debug_macro   0x00010835       0x16 Drivers/STM32F1xx_HAL_Driver/Src/stm32f1xx_hal.o
 .debug_macro   0x0001084b       0x97 Drivers/STM32F1xx_HAL_Driver/Src/stm32f1xx_hal.o
 .debug_macro   0x000108e2      0x30d Drivers/STM32F1xx_HAL_Driver/Src/stm32f1xx_hal.o
 .debug_macro   0x00010bef       0xfd Drivers/STM32F1xx_HAL_Driver/Src/stm32f1xx_hal.o
 .debug_macro   0x00010cec       0x10 Drivers/STM32F1xx_HAL_Driver/Src/stm32f1xx_hal.o
 .debug_macro   0x00010cfc       0x52 Drivers/STM32F1xx_HAL_Driver/Src/stm32f1xx_hal.o
 .debug_macro   0x00010d4e       0x1f Drivers/STM32F1xx_HAL_Driver/Src/stm32f1xx_hal.o
 .debug_macro   0x00010d6d       0x43 Drivers/STM32F1xx_HAL_Driver/Src/stm32f1xx_hal.o
 .debug_macro   0x00010db0       0x20 Drivers/STM32F1xx_HAL_Driver/Src/stm32f1xx_hal.o
 .debug_macro   0x00010dd0      0x187 Drivers/STM32F1xx_HAL_Driver/Src/stm32f1xx_hal.o
 .debug_macro   0x00010f57       0x10 Drivers/STM32F1xx_HAL_Driver/Src/stm32f1xx_hal.o
 .debug_macro   0x00010f67       0x1c Drivers/STM32F1xx_HAL_Driver/Src/stm32f1xx_hal.o
 .debug_macro   0x00010f83       0x52 Drivers/STM32F1xx_HAL_Driver/Src/stm32f1xx_hal.o
 .debug_macro   0x00010fd5       0x40 Drivers/STM32F1xx_HAL_Driver/Src/stm32f1xx_hal.o
 .debug_macro   0x00011015       0x10 Drivers/STM32F1xx_HAL_Driver/Src/stm32f1xx_hal.o
 .debug_macro   0x00011025       0x40 Drivers/STM32F1xx_HAL_Driver/Src/stm32f1xx_hal.o
 .debug_macro   0x00011065       0xd7 Drivers/STM32F1xx_HAL_Driver/Src/stm32f1xx_hal.o
 .debug_macro   0x0001113c       0x16 Drivers/STM32F1xx_HAL_Driver/Src/stm32f1xx_hal.o
 .debug_macro   0x00011152      0x18b Drivers/STM32F1xx_HAL_Driver/Src/stm32f1xx_hal.o
 .debug_macro   0x000112dd       0x50 Drivers/STM32F1xx_HAL_Driver/Src/stm32f1xx_hal.o
 .debug_macro   0x0001132d      0x5c2 Drivers/STM32F1xx_HAL_Driver/Src/stm32f1xx_hal.o
 .debug_macro   0x000118ef      0x28b Drivers/STM32F1xx_HAL_Driver/Src/stm32f1xx_hal.o
 .debug_macro   0x00011b7a      0x1cb Drivers/STM32F1xx_HAL_Driver/Src/stm32f1xx_hal.o
 .debug_macro   0x00011d45      0x11e Drivers/STM32F1xx_HAL_Driver/Src/stm32f1xx_hal.o
 .debug_macro   0x00011e63      0x197 Drivers/STM32F1xx_HAL_Driver/Src/stm32f1xx_hal.o
 .debug_macro   0x00011ffa       0x27 Drivers/STM32F1xx_HAL_Driver/Src/stm32f1xx_hal.o
 .debug_macro   0x00012021      0x1bc Drivers/STM32F1xx_HAL_Driver/Src/stm32f1xx_hal.o
 .debug_macro   0x000121dd       0x34 Drivers/STM32F1xx_HAL_Driver/Src/stm32f1xx_hal.o
 .debug_macro   0x00012211       0x3c Drivers/STM32F1xx_HAL_Driver/Src/stm32f1xx_hal.o
 .debug_macro   0x0001224d       0x57 Drivers/STM32F1xx_HAL_Driver/Src/stm32f1xx_hal.o
 .debug_macro   0x000122a4      0x46a Drivers/STM32F1xx_HAL_Driver/Src/stm32f1xx_hal.o
 .debug_macro   0x0001270e      0x1b5 Drivers/STM32F1xx_HAL_Driver/Src/stm32f1xx_hal.o
 .debug_macro   0x000128c3       0x8c Drivers/STM32F1xx_HAL_Driver/Src/stm32f1xx_hal.o
 .debug_macro   0x0001294f      0x242 Drivers/STM32F1xx_HAL_Driver/Src/stm32f1xx_hal.o
 .debug_macro   0x00012b91      0x143 Drivers/STM32F1xx_HAL_Driver/Src/stm32f1xx_hal.o
 .debug_macro   0x00012cd4      0x26b Drivers/STM32F1xx_HAL_Driver/Src/stm32f1xx_hal.o
 .debug_macro   0x00012f3f       0x7c Drivers/STM32F1xx_HAL_Driver/Src/stm32f1xx_hal.o
 .debug_macro   0x00012fbb      0x2f8 Drivers/STM32F1xx_HAL_Driver/Src/stm32f1xx_hal_adc.o
 .debug_macro   0x000132b3      0x2ed Drivers/STM32F1xx_HAL_Driver/Src/stm32f1xx_hal_adc_ex.o
 .debug_macro   0x000135a0      0x2db Drivers/STM32F1xx_HAL_Driver/Src/stm32f1xx_hal_cortex.o
 .debug_macro   0x0001387b      0x2db Drivers/STM32F1xx_HAL_Driver/Src/stm32f1xx_hal_dma.o
 .debug_macro   0x00013b56      0x34b Drivers/STM32F1xx_HAL_Driver/Src/stm32f1xx_hal_gpio.o
 .debug_macro   0x00013ea1      0x2ed Drivers/STM32F1xx_HAL_Driver/Src/stm32f1xx_hal_rcc.o
 .debug_macro   0x0001418e      0x2db Drivers/STM32F1xx_HAL_Driver/Src/stm32f1xx_hal_rcc_ex.o
 .debug_macro   0x00014469      0x2dc Drivers/STM32F1xx_HAL_Driver/Src/stm32f1xx_hal_uart.o
 .debug_macro   0x00014745      0x2f9 Src/adc.o
 .debug_macro   0x00014a3e      0x2e5 Src/dma.o
 .debug_macro   0x00014d23      0x2e5 Src/gpio.o
 .debug_macro   0x00015008      0x307 Src/main.o
 .debug_macro   0x0001530f      0x2db Src/stm32f1xx_hal_msp.o
 .debug_macro   0x000155ea      0x2e5 Src/stm32f1xx_it.o
 .debug_macro   0x000158cf      0x2e1 Src/system_stm32f1xx.o
 .debug_macro   0x00015bb0      0x2ef Src/usart.o

.debug_line     0x00000000     0x979e
 .debug_line    0x00000000      0x890 Drivers/STM32F1xx_HAL_Driver/Src/stm32f1xx_hal.o
 .debug_line    0x00000890      0xc21 Drivers/STM32F1xx_HAL_Driver/Src/stm32f1xx_hal_adc.o
 .debug_line    0x000014b1      0xa97 Drivers/STM32F1xx_HAL_Driver/Src/stm32f1xx_hal_adc_ex.o
 .debug_line    0x00001f48      0x8c2 Drivers/STM32F1xx_HAL_Driver/Src/stm32f1xx_hal_cortex.o
 .debug_line    0x0000280a      0xa7f Drivers/STM32F1xx_HAL_Driver/Src/stm32f1xx_hal_dma.o
 .debug_line    0x00003289      0x8ac Drivers/STM32F1xx_HAL_Driver/Src/stm32f1xx_hal_gpio.o
 .debug_line    0x00003b35      0x9d3 Drivers/STM32F1xx_HAL_Driver/Src/stm32f1xx_hal_rcc.o
 .debug_line    0x00004508      0x7e2 Drivers/STM32F1xx_HAL_Driver/Src/stm32f1xx_hal_rcc_ex.o
 .debug_line    0x00004cea      0xfa9 Drivers/STM32F1xx_HAL_Driver/Src/stm32f1xx_hal_uart.o
 .debug_line    0x00005c93      0x77d Src/adc.o
 .debug_line    0x00006410      0x717 Src/dma.o
 .debug_line    0x00006b27      0x725 Src/gpio.o
 .debug_line    0x0000724c      0x7b6 Src/main.o
 .debug_line    0x00007a02      0x723 Src/stm32f1xx_hal_msp.o
 .debug_line    0x00008125      0x75a Src/stm32f1xx_it.o
 .debug_line    0x0000887f      0x74a Src/system_stm32f1xx.o
 .debug_line    0x00008fc9      0x758 Src/usart.o
 .debug_line    0x00009721       0x7d startup/startup_stm32f103xb.o

.debug_str      0x00000000    0x6f22e
 .debug_str     0x00000000    0x6d25e Drivers/STM32F1xx_HAL_Driver/Src/stm32f1xx_hal.o
                              0x6d59f (size before relaxing)
 .debug_str     0x0006d25e      0x689 Drivers/STM32F1xx_HAL_Driver/Src/stm32f1xx_hal_adc.o
                              0x6d60e (size before relaxing)
 .debug_str     0x0006d8e7      0x2d8 Drivers/STM32F1xx_HAL_Driver/Src/stm32f1xx_hal_adc_ex.o
                              0x6d5b4 (size before relaxing)
 .debug_str     0x0006dbbf      0x2e1 Drivers/STM32F1xx_HAL_Driver/Src/stm32f1xx_hal_cortex.o
                              0x6d5ac (size before relaxing)
 .debug_str     0x0006dea0      0x220 Drivers/STM32F1xx_HAL_Driver/Src/stm32f1xx_hal_dma.o
                              0x6d2fe (size before relaxing)
 .debug_str     0x0006e0c0      0x3ab Drivers/STM32F1xx_HAL_Driver/Src/stm32f1xx_hal_gpio.o
                              0x6d2e1 (size before relaxing)
 .debug_str     0x0006e46b      0x384 Drivers/STM32F1xx_HAL_Driver/Src/stm32f1xx_hal_rcc.o
                              0x6d374 (size before relaxing)
 .debug_str     0x0006e7ef      0x110 Drivers/STM32F1xx_HAL_Driver/Src/stm32f1xx_hal_rcc_ex.o
                              0x6d0d4 (size before relaxing)
 .debug_str     0x0006e8ff      0x6dc Drivers/STM32F1xx_HAL_Driver/Src/stm32f1xx_hal_uart.o
                              0x6d861 (size before relaxing)
 .debug_str     0x0006efdb       0x6f Src/adc.o
                              0x6d64b (size before relaxing)
 .debug_str     0x0006f04a       0x19 Src/dma.o
                              0x6d1e5 (size before relaxing)
 .debug_str     0x0006f063       0x1b Src/gpio.o
                              0x6d280 (size before relaxing)
 .debug_str     0x0006f07e       0xac Src/main.o
                              0x6d9cb (size before relaxing)
 .debug_str     0x0006f12a       0x1b Src/stm32f1xx_hal_msp.o
                              0x6d222 (size before relaxing)
 .debug_str     0x0006f145       0x66 Src/stm32f1xx_it.o
                              0x6d24f (size before relaxing)
 .debug_str     0x0006f1ab       0x69 Src/system_stm32f1xx.o
                              0x6cfca (size before relaxing)
 .debug_str     0x0006f214       0x1a Src/usart.o
                              0x6d370 (size before relaxing)

.comment        0x00000000       0x6e
 .comment       0x00000000       0x6e Drivers/STM32F1xx_HAL_Driver/Src/stm32f1xx_hal.o
                                 0x6f (size before relaxing)
 .comment       0x0000006e       0x6f Drivers/STM32F1xx_HAL_Driver/Src/stm32f1xx_hal_adc.o
 .comment       0x0000006e       0x6f Drivers/STM32F1xx_HAL_Driver/Src/stm32f1xx_hal_adc_ex.o
 .comment       0x0000006e       0x6f Drivers/STM32F1xx_HAL_Driver/Src/stm32f1xx_hal_cortex.o
 .comment       0x0000006e       0x6f Drivers/STM32F1xx_HAL_Driver/Src/stm32f1xx_hal_dma.o
 .comment       0x0000006e       0x6f Drivers/STM32F1xx_HAL_Driver/Src/stm32f1xx_hal_gpio.o
 .comment       0x0000006e       0x6f Drivers/STM32F1xx_HAL_Driver/Src/stm32f1xx_hal_rcc.o
 .comment       0x0000006e       0x6f Drivers/STM32F1xx_HAL_Driver/Src/stm32f1xx_hal_rcc_ex.o
 .comment       0x0000006e       0x6f Drivers/STM32F1xx_HAL_Driver/Src/stm32f1xx_hal_uart.o
 .comment       0x0000006e       0x6f Src/adc.o
 .comment       0x0000006e       0x6f Src/dma.o
 .comment       0x0000006e       0x6f Src/gpio.o
 .comment       0x0000006e       0x6f Src/main.o
 .comment       0x0000006e       0x6f Src/stm32f1xx_hal_msp.o
 .comment       0x0000006e       0x6f Src/stm32f1xx_it.o
 .comment       0x0000006e       0x6f Src/system_stm32f1xx.o
 .comment       0x0000006e       0x6f Src/usart.o

.debug_frame    0x00000000     0x1af8
 .debug_frame   0x00000000      0x178 Drivers/STM32F1xx_HAL_Driver/Src/stm32f1xx_hal.o
 .debug_frame   0x00000178      0x2cc Drivers/STM32F1xx_HAL_Driver/Src/stm32f1xx_hal_adc.o
 .debug_frame   0x00000444      0x1b0 Drivers/STM32F1xx_HAL_Driver/Src/stm32f1xx_hal_adc_ex.o
 .debug_frame   0x000005f4      0x124 Drivers/STM32F1xx_HAL_Driver/Src/stm32f1xx_hal_cortex.o
 .debug_frame   0x00000718      0x154 Drivers/STM32F1xx_HAL_Driver/Src/stm32f1xx_hal_dma.o
 .debug_frame   0x0000086c       0xc4 Drivers/STM32F1xx_HAL_Driver/Src/stm32f1xx_hal_gpio.o
 .debug_frame   0x00000930      0x164 Drivers/STM32F1xx_HAL_Driver/Src/stm32f1xx_hal_rcc.o
 .debug_frame   0x00000a94       0x68 Drivers/STM32F1xx_HAL_Driver/Src/stm32f1xx_hal_rcc_ex.o
 .debug_frame   0x00000afc      0x4e8 Drivers/STM32F1xx_HAL_Driver/Src/stm32f1xx_hal_uart.o
 .debug_frame   0x00000fe4       0x6c Src/adc.o
 .debug_frame   0x00001050       0x2c Src/dma.o
 .debug_frame   0x0000107c       0x30 Src/gpio.o
 .debug_frame   0x000010ac       0x94 Src/main.o
 .debug_frame   0x00001140       0x2c Src/stm32f1xx_hal_msp.o
 .debug_frame   0x0000116c       0x70 Src/stm32f1xx_it.o
 .debug_frame   0x000011dc       0x30 Src/system_stm32f1xx.o
 .debug_frame   0x0000120c       0x60 Src/usart.o
 .debug_frame   0x0000126c       0x2c /home/paramra/Ac6/SystemWorkbench/plugins/fr.ac6.mcu.externaltools.arm-none.linux64_1.13.1.201703061524/tools/compiler/bin/../lib/gcc/arm-none-eabi/5.4.1/../../../../arm-none-eabi/lib/armv7-m/libc_nano.a(lib_a-init.o)
 .debug_frame   0x00001298       0x20 /home/paramra/Ac6/SystemWorkbench/plugins/fr.ac6.mcu.externaltools.arm-none.linux64_1.13.1.201703061524/tools/compiler/bin/../lib/gcc/arm-none-eabi/5.4.1/../../../../arm-none-eabi/lib/armv7-m/libc_nano.a(lib_a-memset.o)
 .debug_frame   0x000012b8       0x8c /home/paramra/Ac6/SystemWorkbench/plugins/fr.ac6.mcu.externaltools.arm-none.linux64_1.13.1.201703061524/tools/compiler/bin/../lib/gcc/arm-none-eabi/5.4.1/../../../../arm-none-eabi/lib/armv7-m/libc_nano.a(lib_a-nano-vfprintf_float.o)
 .debug_frame   0x00001344       0x60 /home/paramra/Ac6/SystemWorkbench/plugins/fr.ac6.mcu.externaltools.arm-none.linux64_1.13.1.201703061524/tools/compiler/bin/../lib/gcc/arm-none-eabi/5.4.1/../../../../arm-none-eabi/lib/armv7-m/libc_nano.a(lib_a-nano-vfprintf_i.o)
 .debug_frame   0x000013a4       0x70 /home/paramra/Ac6/SystemWorkbench/plugins/fr.ac6.mcu.externaltools.arm-none.linux64_1.13.1.201703061524/tools/compiler/bin/../lib/gcc/arm-none-eabi/5.4.1/../../../../arm-none-eabi/lib/armv7-m/libc_nano.a(lib_a-sprintf.o)
 .debug_frame   0x00001414       0x6c /home/paramra/Ac6/SystemWorkbench/plugins/fr.ac6.mcu.externaltools.arm-none.linux64_1.13.1.201703061524/tools/compiler/bin/../lib/gcc/arm-none-eabi/5.4.1/../../../../arm-none-eabi/lib/armv7-m/libc_nano.a(lib_a-dtoa.o)
 .debug_frame   0x00001480       0x40 /home/paramra/Ac6/SystemWorkbench/plugins/fr.ac6.mcu.externaltools.arm-none.linux64_1.13.1.201703061524/tools/compiler/bin/../lib/gcc/arm-none-eabi/5.4.1/../../../../arm-none-eabi/lib/armv7-m/libc_nano.a(lib_a-localeconv.o)
 .debug_frame   0x000014c0       0x30 /home/paramra/Ac6/SystemWorkbench/plugins/fr.ac6.mcu.externaltools.arm-none.linux64_1.13.1.201703061524/tools/compiler/bin/../lib/gcc/arm-none-eabi/5.4.1/../../../../arm-none-eabi/lib/armv7-m/libc_nano.a(lib_a-malloc.o)
 .debug_frame   0x000014f0       0x28 /home/paramra/Ac6/SystemWorkbench/plugins/fr.ac6.mcu.externaltools.arm-none.linux64_1.13.1.201703061524/tools/compiler/bin/../lib/gcc/arm-none-eabi/5.4.1/../../../../arm-none-eabi/lib/armv7-m/libc_nano.a(lib_a-memchr-stub.o)
 .debug_frame   0x00001518       0x28 /home/paramra/Ac6/SystemWorkbench/plugins/fr.ac6.mcu.externaltools.arm-none.linux64_1.13.1.201703061524/tools/compiler/bin/../lib/gcc/arm-none-eabi/5.4.1/../../../../arm-none-eabi/lib/armv7-m/libc_nano.a(lib_a-memcpy-stub.o)
 .debug_frame   0x00001540      0x234 /home/paramra/Ac6/SystemWorkbench/plugins/fr.ac6.mcu.externaltools.arm-none.linux64_1.13.1.201703061524/tools/compiler/bin/../lib/gcc/arm-none-eabi/5.4.1/../../../../arm-none-eabi/lib/armv7-m/libc_nano.a(lib_a-mprec.o)
 .debug_frame   0x00001774       0x2c /home/paramra/Ac6/SystemWorkbench/plugins/fr.ac6.mcu.externaltools.arm-none.linux64_1.13.1.201703061524/tools/compiler/bin/../lib/gcc/arm-none-eabi/5.4.1/../../../../arm-none-eabi/lib/armv7-m/libc_nano.a(lib_a-nano-callocr.o)
 .debug_frame   0x000017a0       0x38 /home/paramra/Ac6/SystemWorkbench/plugins/fr.ac6.mcu.externaltools.arm-none.linux64_1.13.1.201703061524/tools/compiler/bin/../lib/gcc/arm-none-eabi/5.4.1/../../../../arm-none-eabi/lib/armv7-m/libc_nano.a(lib_a-nano-freer.o)
 .debug_frame   0x000017d8       0x2c /home/paramra/Ac6/SystemWorkbench/plugins/fr.ac6.mcu.externaltools.arm-none.linux64_1.13.1.201703061524/tools/compiler/bin/../lib/gcc/arm-none-eabi/5.4.1/../../../../arm-none-eabi/lib/armv7-m/libc_nano.a(lib_a-nano-mallocr.o)
 .debug_frame   0x00001804       0x90 /home/paramra/Ac6/SystemWorkbench/plugins/fr.ac6.mcu.externaltools.arm-none.linux64_1.13.1.201703061524/tools/compiler/bin/../lib/gcc/arm-none-eabi/5.4.1/../../../../arm-none-eabi/lib/armv7-m/libc_nano.a(lib_a-nano-svfprintf.o)
 .debug_frame   0x00001894       0x2c /home/paramra/Ac6/SystemWorkbench/plugins/fr.ac6.mcu.externaltools.arm-none.linux64_1.13.1.201703061524/tools/compiler/bin/../lib/gcc/arm-none-eabi/5.4.1/../../../../arm-none-eabi/lib/armv7-m/libc_nano.a(lib_a-sbrkr.o)
 .debug_frame   0x000018c0       0x88 /home/paramra/Ac6/SystemWorkbench/plugins/fr.ac6.mcu.externaltools.arm-none.linux64_1.13.1.201703061524/tools/compiler/bin/../lib/gcc/arm-none-eabi/5.4.1/../../../../arm-none-eabi/lib/armv7-m/libc_nano.a(lib_a-locale.o)
 .debug_frame   0x00001948       0x44 /home/paramra/Ac6/SystemWorkbench/plugins/fr.ac6.mcu.externaltools.arm-none.linux64_1.13.1.201703061524/tools/compiler/bin/../lib/gcc/arm-none-eabi/5.4.1/../../../../arm-none-eabi/lib/armv7-m/libc_nano.a(lib_a-mbtowc_r.o)
 .debug_frame   0x0000198c       0x28 /home/paramra/Ac6/SystemWorkbench/plugins/fr.ac6.mcu.externaltools.arm-none.linux64_1.13.1.201703061524/tools/compiler/bin/../lib/gcc/arm-none-eabi/5.4.1/../../../../arm-none-eabi/lib/armv7-m/libc_nano.a(lib_a-memmove.o)
 .debug_frame   0x000019b4       0x30 /home/paramra/Ac6/SystemWorkbench/plugins/fr.ac6.mcu.externaltools.arm-none.linux64_1.13.1.201703061524/tools/compiler/bin/../lib/gcc/arm-none-eabi/5.4.1/../../../../arm-none-eabi/lib/armv7-m/libc_nano.a(lib_a-mlock.o)
 .debug_frame   0x000019e4       0x3c /home/paramra/Ac6/SystemWorkbench/plugins/fr.ac6.mcu.externaltools.arm-none.linux64_1.13.1.201703061524/tools/compiler/bin/../lib/gcc/arm-none-eabi/5.4.1/../../../../arm-none-eabi/lib/armv7-m/libc_nano.a(lib_a-nano-reallocr.o)
 .debug_frame   0x00001a20       0x5c /home/paramra/Ac6/SystemWorkbench/plugins/fr.ac6.mcu.externaltools.arm-none.linux64_1.13.1.201703061524/tools/compiler/bin/../lib/gcc/arm-none-eabi/5.4.1/../../../../arm-none-eabi/lib/armv7-m/libc_nano.a(lib_a-reent.o)
 .debug_frame   0x00001a7c       0x3c /home/paramra/Ac6/SystemWorkbench/plugins/fr.ac6.mcu.externaltools.arm-none.linux64_1.13.1.201703061524/tools/compiler/bin/../lib/gcc/arm-none-eabi/5.4.1/../../../../arm-none-eabi/lib/armv7-m/libc_nano.a(lib_a-wctomb_r.o)
 .debug_frame   0x00001ab8       0x20 /home/paramra/Ac6/SystemWorkbench/plugins/fr.ac6.mcu.externaltools.arm-none.linux64_1.13.1.201703061524/tools/compiler/bin/../lib/gcc/arm-none-eabi/5.4.1/../../../../arm-none-eabi/lib/armv7-m/libc_nano.a(lib_a-nano-msizer.o)
 .debug_frame   0x00001ad8       0x20 /home/paramra/Ac6/SystemWorkbench/plugins/fr.ac6.mcu.externaltools.arm-none.linux64_1.13.1.201703061524/tools/compiler/bin/../lib/gcc/arm-none-eabi/5.4.1/../../../../arm-none-eabi/lib/armv7-m/libnosys.a(sbrk.o)
